Component: ARM Compiler 5.05 update 1 (build 106) Tool: armlink [4d0efa]

==============================================================================

Section Cross References

    main.o(.text) refers to misc.o(.text) for NVIC_PriorityGroupConfig
    main.o(.text) refers to delay.o(.text) for delay_init
    main.o(.text) refers to usart.o(.text) for uart_init
    main.o(.text) refers to usart2.o(.text) for usart2_init
    main.o(.text) refers to as608.o(.text) for PS_StaGPIO_Init
    main.o(.text) refers to beep.o(.text) for BEEP_Init
    main.o(.text) refers to key.o(.text) for KEY_Init
    main.o(.text) refers to lcd.o(.text) for LCD_Init
    main.o(.text) refers to led.o(.text) for LED_Init
    main.o(.text) refers to w25qxx.o(.text) for W25QXX_Init
    main.o(.text) refers to malloc.o(.text) for my_mem_init
    main.o(.text) refers to exfuns.o(.text) for exfuns_init
    main.o(.text) refers to ff.o(.text) for f_mount
    main.o(.text) refers to fingerprint.o(.text) for fingerprint_Init
    main.o(.text) refers to hc05.o(.text) for HC05_Init
    main.o(.text) refers to dht11.o(.text) for DHT11_Init
    main.o(.text) refers to strcmpv7m.o(.text) for strcmp
    main.o(.text) refers to usart3.o(.text) for u3_printf
    main.o(.text) refers to usmart_config.o(.data) for usmart_dev
    main.o(.text) refers to touch.o(.data) for tp_dev
    main.o(.text) refers to exfuns.o(.data) for fs
    main.o(.text) refers to lcd.o(.data) for POINT_COLOR
    main.o(.text) refers to usart3.o(.data) for USART3_RX_STA
    main.o(.text) refers to usart3.o(.bss) for USART3_RX_BUF
    system_stm32f4xx.o(.text) refers to system_stm32f4xx.o(.data) for SystemCoreClock
    led.o(.text) refers to stm32f4xx_rcc.o(.text) for RCC_AHB1PeriphClockCmd
    led.o(.text) refers to stm32f4xx_gpio.o(.text) for GPIO_Init
    lcd.o(.text) refers to _printf_percent.o(.ARM.Collect$$_printf_percent$$00000000) for _printf_percent
    lcd.o(.text) refers to _printf_x.o(.ARM.Collect$$_printf_percent$$0000000C) for _printf_x
    lcd.o(.text) refers to _printf_hex_int_ll_ptr.o(.text) for _printf_longlong_hex
    lcd.o(.text) refers to delay.o(.text) for delay_us
    lcd.o(.text) refers to lcd.o(.bss) for lcddev
    lcd.o(.text) refers to dflt_clz.o(x$fpl$dfltu) for __aeabi_ui2d
    lcd.o(.text) refers to dmul.o(x$fpl$dmul) for __aeabi_dmul
    lcd.o(.text) refers to dfixu.o(x$fpl$dfixu) for __aeabi_d2uiz
    lcd.o(.text) refers to lcd.o(.data) for POINT_COLOR
    lcd.o(.text) refers to stm32f4xx_rcc.o(.text) for RCC_AHB1PeriphClockCmd
    lcd.o(.text) refers to stm32f4xx_gpio.o(.text) for GPIO_Init
    lcd.o(.text) refers to stm32f4xx_fsmc.o(.text) for FSMC_NORSRAMInit
    lcd.o(.text) refers to __2printf.o(.text) for __2printf
    lcd.o(.text) refers to lcd.o(.constdata) for asc2_1206
    key.o(.text) refers to stm32f4xx_rcc.o(.text) for RCC_AHB1PeriphClockCmd
    key.o(.text) refers to stm32f4xx_gpio.o(.text) for GPIO_Init
    key.o(.text) refers to delay.o(.text) for delay_ms
    key.o(.text) refers to key.o(.data) for key_up
    myiic.o(.text) refers to stm32f4xx_rcc.o(.text) for RCC_AHB1PeriphClockCmd
    myiic.o(.text) refers to stm32f4xx_gpio.o(.text) for GPIO_Init
    myiic.o(.text) refers to delay.o(.text) for delay_us
    24cxx.o(.text) refers to myiic.o(.text) for IIC_Init
    24cxx.o(.text) refers to delay.o(.text) for delay_ms
    ctiic.o(.text) refers to delay.o(.text) for delay_us
    ctiic.o(.text) refers to stm32f4xx_rcc.o(.text) for RCC_AHB1PeriphClockCmd
    ctiic.o(.text) refers to stm32f4xx_gpio.o(.text) for GPIO_Init
    gt9147.o(.text) refers to _printf_percent.o(.ARM.Collect$$_printf_percent$$00000000) for _printf_percent
    gt9147.o(.text) refers to _printf_s.o(.ARM.Collect$$_printf_percent$$00000014) for _printf_s
    gt9147.o(.text) refers to _printf_str.o(.text) for _printf_str
    gt9147.o(.text) refers to _printf_d.o(.ARM.Collect$$_printf_percent$$00000009) for _printf_d
    gt9147.o(.text) refers to _printf_dec.o(.text) for _printf_int_dec
    gt9147.o(.text) refers to ctiic.o(.text) for CT_IIC_Start
    gt9147.o(.text) refers to stm32f4xx_rcc.o(.text) for RCC_AHB1PeriphClockCmd
    gt9147.o(.text) refers to stm32f4xx_gpio.o(.text) for GPIO_Init
    gt9147.o(.text) refers to delay.o(.text) for delay_ms
    gt9147.o(.text) refers to __2printf.o(.text) for __2printf
    gt9147.o(.text) refers to strcmpv7m.o(.text) for strcmp
    gt9147.o(.text) refers to gt9147.o(.constdata) for GT9147_CFG_TBL
    gt9147.o(.text) refers to gt9147.o(.data) for t
    gt9147.o(.text) refers to touch.o(.data) for tp_dev
    gt9147.o(.text) refers to lcd.o(.bss) for lcddev
    ott2001a.o(.text) refers to _printf_percent.o(.ARM.Collect$$_printf_percent$$00000000) for _printf_percent
    ott2001a.o(.text) refers to _printf_x.o(.ARM.Collect$$_printf_percent$$0000000C) for _printf_x
    ott2001a.o(.text) refers to _printf_hex_int_ll_ptr.o(.text) for _printf_longlong_hex
    ott2001a.o(.text) refers to ctiic.o(.text) for CT_IIC_Start
[...]
    GPIO_PinLockConfig                       0x0800a8df   Thumb Code    34  stm32f4xx_gpio.o(.text)
    GPIO_ReadInputDataBit                    0x0800a901   Thumb Code    18  stm32f4xx_gpio.o(.text)
    GPIO_ReadInputData                       0x0800a913   Thumb Code     8  stm32f4xx_gpio.o(.text)
    GPIO_ReadOutputDataBit                   0x0800a91b   Thumb Code    18  stm32f4xx_gpio.o(.text)
    GPIO_ReadOutputData                      0x0800a92d   Thumb Code     8  stm32f4xx_gpio.o(.text)
    GPIO_SetBits                             0x0800a935   Thumb Code     4  stm32f4xx_gpio.o(.text)
    GPIO_ResetBits                           0x0800a939   Thumb Code     4  stm32f4xx_gpio.o(.text)
    GPIO_WriteBit                            0x0800a93d   Thumb Code    10  stm32f4xx_gpio.o(.text)
    GPIO_Write                               0x0800a947   Thumb Code     4  stm32f4xx_gpio.o(.text)
    GPIO_ToggleBits                          0x0800a94b   Thumb Code     8  stm32f4xx_gpio.o(.text)
    GPIO_PinAFConfig                         0x0800a953   Thumb Code    70  stm32f4xx_gpio.o(.text)
    FSMC_NORSRAMDeInit                       0x0800a9c5   Thumb Code    54  stm32f4xx_fsmc.o(.text)
    FSMC_NORSRAMInit                         0x0800a9fb   Thumb Code   230  stm32f4xx_fsmc.o(.text)
    FSMC_NORSRAMStructInit                   0x0800aae1   Thumb Code    48  stm32f4xx_fsmc.o(.text)
    FSMC_NORSRAMCmd                          0x0800ab11   Thumb Code    46  stm32f4xx_fsmc.o(.text)
    FSMC_NANDDeInit                          0x0800ab3f   Thumb Code    62  stm32f4xx_fsmc.o(.text)
    FSMC_NANDInit                            0x0800ab7d   Thumb Code   132  stm32f4xx_fsmc.o(.text)
    FSMC_NANDStructInit                      0x0800ac01   Thumb Code    54  stm32f4xx_fsmc.o(.text)
    FSMC_NANDCmd                             0x0800ac37   Thumb Code    86  stm32f4xx_fsmc.o(.text)
    FSMC_NANDECCCmd                          0x0800ac8d   Thumb Code    86  stm32f4xx_fsmc.o(.text)
    FSMC_GetECC                              0x0800ace3   Thumb Code    24  stm32f4xx_fsmc.o(.text)
    FSMC_PCCARDDeInit                        0x0800acfb   Thumb Code    36  stm32f4xx_fsmc.o(.text)
    FSMC_PCCARDInit                          0x0800ad1f   Thumb Code   130  stm32f4xx_fsmc.o(.text)
    FSMC_PCCARDStructInit                    0x0800ada1   Thumb Code    60  stm32f4xx_fsmc.o(.text)
    FSMC_PCCARDCmd                           0x0800addd   Thumb Code    44  stm32f4xx_fsmc.o(.text)
    FSMC_ITConfig                            0x0800ae09   Thumb Code   128  stm32f4xx_fsmc.o(.text)
    FSMC_GetFlagStatus                       0x0800ae89   Thumb Code    54  stm32f4xx_fsmc.o(.text)
    FSMC_ClearFlag                           0x0800aebf   Thumb Code    74  stm32f4xx_fsmc.o(.text)
    FSMC_GetITStatus                         0x0800af09   Thumb Code    62  stm32f4xx_fsmc.o(.text)
    FSMC_ClearITPendingBit                   0x0800af47   Thumb Code    66  stm32f4xx_fsmc.o(.text)
    RCC_DeInit                               0x0800af8d   Thumb Code    82  stm32f4xx_rcc.o(.text)
    RCC_HSEConfig                            0x0800afdf   Thumb Code    14  stm32f4xx_rcc.o(.text)
    RCC_GetFlagStatus                        0x0800afed   Thumb Code    60  stm32f4xx_rcc.o(.text)
    RCC_WaitForHSEStartUp                    0x0800b029   Thumb Code    56  stm32f4xx_rcc.o(.text)
    RCC_AdjustHSICalibrationValue            0x0800b061   Thumb Code    20  stm32f4xx_rcc.o(.text)
    RCC_HSICmd                               0x0800b075   Thumb Code     6  stm32f4xx_rcc.o(.text)
    RCC_LSEConfig                            0x0800b07b   Thumb Code    46  stm32f4xx_rcc.o(.text)
    RCC_LSICmd                               0x0800b0a9   Thumb Code     6  stm32f4xx_rcc.o(.text)
    RCC_PLLConfig                            0x0800b0af   Thumb Code    32  stm32f4xx_rcc.o(.text)
    RCC_PLLCmd                               0x0800b0cf   Thumb Code     6  stm32f4xx_rcc.o(.text)
    RCC_PLLI2SConfig                         0x0800b0d5   Thumb Code    14  stm32f4xx_rcc.o(.text)
    RCC_PLLI2SCmd                            0x0800b0e3   Thumb Code     6  stm32f4xx_rcc.o(.text)
    RCC_PLLSAIConfig                         0x0800b0e9   Thumb Code    20  stm32f4xx_rcc.o(.text)
    RCC_PLLSAICmd                            0x0800b0fd   Thumb Code     6  stm32f4xx_rcc.o(.text)
    RCC_ClockSecuritySystemCmd               0x0800b103   Thumb Code     6  stm32f4xx_rcc.o(.text)
    RCC_MCO1Config                           0x0800b109   Thumb Code    28  stm32f4xx_rcc.o(.text)
    RCC_MCO2Config                           0x0800b125   Thumb Code    28  stm32f4xx_rcc.o(.text)
    RCC_SYSCLKConfig                         0x0800b141   Thumb Code    20  stm32f4xx_rcc.o(.text)
    RCC_GetSYSCLKSource                      0x0800b155   Thumb Code    12  stm32f4xx_rcc.o(.text)
    RCC_HCLKConfig                           0x0800b161   Thumb Code    20  stm32f4xx_rcc.o(.text)
    RCC_PCLK1Config                          0x0800b175   Thumb Code    20  stm32f4xx_rcc.o(.text)
    RCC_PCLK2Config                          0x0800b189   Thumb Code    22  stm32f4xx_rcc.o(.text)
    RCC_GetClocksFreq                        0x0800b19f   Thumb Code   222  stm32f4xx_rcc.o(.text)
    RCC_RTCCLKConfig                         0x0800b27d   Thumb Code    54  stm32f4xx_rcc.o(.text)
    RCC_RTCCLKCmd                            0x0800b2b3   Thumb Code     8  stm32f4xx_rcc.o(.text)
    RCC_BackupResetCmd                       0x0800b2bb   Thumb Code     8  stm32f4xx_rcc.o(.text)
    RCC_I2SCLKConfig                         0x0800b2c3   Thumb Code     6  stm32f4xx_rcc.o(.text)
    RCC_SAIPLLI2SClkDivConfig                0x0800b2c9   Thumb Code    26  stm32f4xx_rcc.o(.text)
    RCC_SAIPLLSAIClkDivConfig                0x0800b2e3   Thumb Code    28  stm32f4xx_rcc.o(.text)
    RCC_SAIBlockACLKConfig                   0x0800b2ff   Thumb Code    20  stm32f4xx_rcc.o(.text)
    RCC_SAIBlockBCLKConfig                   0x0800b313   Thumb Code    20  stm32f4xx_rcc.o(.text)
    RCC_LTDCCLKDivConfig                     0x0800b327   Thumb Code    20  stm32f4xx_rcc.o(.text)
    RCC_TIMCLKPresConfig                     0x0800b33b   Thumb Code     6  stm32f4xx_rcc.o(.text)
    RCC_AHB1PeriphClockCmd                   0x0800b341   Thumb Code    34  stm32f4xx_rcc.o(.text)
    RCC_AHB2PeriphClockCmd                   0x0800b363   Thumb Code    78  stm32f4xx_rcc.o(.text)
    RCC_AHB3PeriphClockCmd                   0x0800b3b1   Thumb Code    34  stm32f4xx_rcc.o(.text)
    RCC_APB1PeriphClockCmd                   0x0800b3d3   Thumb Code    34  stm32f4xx_rcc.o(.text)
    RCC_APB2PeriphClockCmd                   0x0800b3f5   Thumb Code    34  stm32f4xx_rcc.o(.text)
    RCC_AHB1PeriphResetCmd                   0x0800b417   Thumb Code    34  stm32f4xx_rcc.o(.text)
    RCC_AHB2PeriphResetCmd                   0x0800b439   Thumb Code    34  stm32f4xx_rcc.o(.text)
    RCC_AHB3PeriphResetCmd                   0x0800b45b   Thumb Code    34  stm32f4xx_rcc.o(.text)
    RCC_APB1PeriphResetCmd                   0x0800b47d   Thumb Code    34  stm32f4xx_rcc.o(.text)
    RCC_APB2PeriphResetCmd                   0x0800b49f   Thumb Code    34  stm32f4xx_rcc.o(.text)
    RCC_AHB1PeriphClockLPModeCmd             0x0800b4c1   Thumb Code    34  stm32f4xx_rcc.o(.text)
    RCC_AHB2PeriphClockLPModeCmd             0x0800b4e3   Thumb Code    34  stm32f4xx_rcc.o(.text)
    RCC_AHB3PeriphClockLPModeCmd             0x0800b505   Thumb Code    34  stm32f4xx_rcc.o(.text)
    RCC_APB1PeriphClockLPModeCmd             0x0800b527   Thumb Code    34  stm32f4xx_rcc.o(.text)
    RCC_APB2PeriphClockLPModeCmd             0x0800b549   Thumb Code    34  stm32f4xx_rcc.o(.text)
    RCC_LSEModeConfig                        0x0800b56b   Thumb Code    40  stm32f4xx_rcc.o(.text)
    RCC_ITConfig                             0x0800b593   Thumb Code    34  stm32f4xx_rcc.o(.text)
    RCC_ClearFlag                            0x0800b5b5   Thumb Code    18  stm32f4xx_rcc.o(.text)
    RCC_GetITStatus                          0x0800b5c7   Thumb Code    22  stm32f4xx_rcc.o(.text)
    RCC_ClearITPendingBit                    0x0800b5dd   Thumb Code     8  stm32f4xx_rcc.o(.text)
    USART_DeInit                             0x0800b5e9   Thumb Code   206  stm32f4xx_usart.o(.text)
    USART_Init                               0x0800b6b7   Thumb Code   204  stm32f4xx_usart.o(.text)
    USART_StructInit                         0x0800b783   Thumb Code    24  stm32f4xx_usart.o(.text)
    USART_ClockInit                          0x0800b79b   Thumb Code    32  stm32f4xx_usart.o(.text)
    USART_ClockStructInit                    0x0800b7bb   Thumb Code    12  stm32f4xx_usart.o(.text)
    USART_Cmd                                0x0800b7c7   Thumb Code    24  stm32f4xx_usart.o(.text)
    USART_SetPrescaler                       0x0800b7df   Thumb Code    16  stm32f4xx_usart.o(.text)
    USART_OverSampling8Cmd                   0x0800b7ef   Thumb Code    22  stm32f4xx_usart.o(.text)
    USART_OneBitMethodCmd                    0x0800b805   Thumb Code    24  stm32f4xx_usart.o(.text)
    USART_SendData                           0x0800b81d   Thumb Code     8  stm32f4xx_usart.o(.text)
    USART_ReceiveData                        0x0800b825   Thumb Code    10  stm32f4xx_usart.o(.text)
    USART_SetAddress                         0x0800b82f   Thumb Code    18  stm32f4xx_usart.o(.text)
    USART_ReceiverWakeUpCmd                  0x0800b841   Thumb Code    24  stm32f4xx_usart.o(.text)
    USART_WakeUpConfig                       0x0800b859   Thumb Code    18  stm32f4xx_usart.o(.text)
    USART_LINBreakDetectLengthConfig         0x0800b86b   Thumb Code    18  stm32f4xx_usart.o(.text)
    USART_LINCmd                             0x0800b87d   Thumb Code    24  stm32f4xx_usart.o(.text)
    USART_SendBreak                          0x0800b895   Thumb Code    10  stm32f4xx_usart.o(.text)
    USART_HalfDuplexCmd                      0x0800b89f   Thumb Code    24  stm32f4xx_usart.o(.text)
    USART_SetGuardTime                       0x0800b8b7   Thumb Code    16  stm32f4xx_usart.o(.text)
    USART_SmartCardCmd                       0x0800b8c7   Thumb Code    24  stm32f4xx_usart.o(.text)
    USART_SmartCardNACKCmd                   0x0800b8df   Thumb Code    24  stm32f4xx_usart.o(.text)
    USART_IrDAConfig                         0x0800b8f7   Thumb Code    18  stm32f4xx_usart.o(.text)
    USART_IrDACmd                            0x0800b909   Thumb Code    24  stm32f4xx_usart.o(.text)
    USART_DMACmd                             0x0800b921   Thumb Code    18  stm32f4xx_usart.o(.text)
    USART_ITConfig                           0x0800b933   Thumb Code    74  stm32f4xx_usart.o(.text)
    USART_GetFlagStatus                      0x0800b97d   Thumb Code    26  stm32f4xx_usart.o(.text)
    USART_ClearFlag                          0x0800b997   Thumb Code    18  stm32f4xx_usart.o(.text)
    USART_GetITStatus                        0x0800b9a9   Thumb Code   118  stm32f4xx_usart.o(.text)
    USART_ClearITPendingBit                  0x0800ba1f   Thumb Code    30  stm32f4xx_usart.o(.text)
    TIM_DeInit                               0x0800ba3d   Thumb Code   346  stm32f4xx_tim.o(.text)
    TIM_TimeBaseInit                         0x0800bb97   Thumb Code   104  stm32f4xx_tim.o(.text)
    TIM_TimeBaseStructInit                   0x0800bbff   Thumb Code    18  stm32f4xx_tim.o(.text)
    TIM_PrescalerConfig                      0x0800bc11   Thumb Code     6  stm32f4xx_tim.o(.text)
    TIM_CounterModeConfig                    0x0800bc17   Thumb Code    18  stm32f4xx_tim.o(.text)
    TIM_SetCounter                           0x0800bc29   Thumb Code     4  stm32f4xx_tim.o(.text)
    TIM_SetAutoreload                        0x0800bc2d   Thumb Code     4  stm32f4xx_tim.o(.text)
    TIM_GetCounter                           0x0800bc31   Thumb Code     6  stm32f4xx_tim.o(.text)
    TIM_GetPrescaler                         0x0800bc37   Thumb Code     6  stm32f4xx_tim.o(.text)
    TIM_UpdateDisableConfig                  0x0800bc3d   Thumb Code    24  stm32f4xx_tim.o(.text)
    TIM_UpdateRequestConfig                  0x0800bc55   Thumb Code    24  stm32f4xx_tim.o(.text)
    TIM_ARRPreloadConfig                     0x0800bc6d   Thumb Code    24  stm32f4xx_tim.o(.text)
    TIM_SelectOnePulseMode                   0x0800bc85   Thumb Code    18  stm32f4xx_tim.o(.text)
    TIM_SetClockDivision                     0x0800bc97   Thumb Code    18  stm32f4xx_tim.o(.text)
    TIM_Cmd                                  0x0800bca9   Thumb Code    24  stm32f4xx_tim.o(.text)
    TIM_OC1Init                              0x0800bcc1   Thumb Code   114  stm32f4xx_tim.o(.text)
    TIM_OC2Init                              0x0800bd33   Thumb Code   154  stm32f4xx_tim.o(.text)
    TIM_OC3Init                              0x0800bdcd   Thumb Code   204  stm32f4xx_tim.o(.text)
    TIM_OC4Init                              0x0800be99   Thumb Code   112  stm32f4xx_tim.o(.text)
    TIM_OCStructInit                         0x0800bf09   Thumb Code    20  stm32f4xx_tim.o(.text)
    TIM_SelectOCxM                           0x0800bf1d   Thumb Code    86  stm32f4xx_tim.o(.text)
    TIM_SetCompare1                          0x0800bf73   Thumb Code     4  stm32f4xx_tim.o(.text)
    TIM_SetCompare2                          0x0800bf77   Thumb Code     4  stm32f4xx_tim.o(.text)
    TIM_SetCompare3                          0x0800bf7b   Thumb Code     4  stm32f4xx_tim.o(.text)
    TIM_SetCompare4                          0x0800bf7f   Thumb Code     4  stm32f4xx_tim.o(.text)
    TIM_ForcedOC1Config                      0x0800bf83   Thumb Code    18  stm32f4xx_tim.o(.text)
    TIM_ForcedOC2Config                      0x0800bf95   Thumb Code    26  stm32f4xx_tim.o(.text)
    TIM_ForcedOC3Config                      0x0800bfaf   Thumb Code    18  stm32f4xx_tim.o(.text)
    TIM_ForcedOC4Config                      0x0800bfc1   Thumb Code    26  stm32f4xx_tim.o(.text)
    TIM_OC1PreloadConfig                     0x0800bfdb   Thumb Code    18  stm32f4xx_tim.o(.text)
    TIM_OC2PreloadConfig                     0x0800bfed   Thumb Code    26  stm32f4xx_tim.o(.text)
    TIM_OC3PreloadConfig                     0x0800c007   Thumb Code    18  stm32f4xx_tim.o(.text)
    TIM_OC4PreloadConfig                     0x0800c019   Thumb Code    26  stm32f4xx_tim.o(.text)
    TIM_OC1FastConfig                        0x0800c033   Thumb Code    18  stm32f4xx_tim.o(.text)
    TIM_OC2FastConfig                        0x0800c045   Thumb Code    26  stm32f4xx_tim.o(.text)
    TIM_OC3FastConfig                        0x0800c05f   Thumb Code    18  stm32f4xx_tim.o(.text)
    TIM_OC4FastConfig                        0x0800c071   Thumb Code    26  stm32f4xx_tim.o(.text)
    TIM_ClearOC1Ref                          0x0800c08b   Thumb Code    18  stm32f4xx_tim.o(.text)
    TIM_ClearOC2Ref                          0x0800c09d   Thumb Code    24  stm32f4xx_tim.o(.text)
    TIM_ClearOC3Ref                          0x0800c0b5   Thumb Code    18  stm32f4xx_tim.o(.text)
    TIM_ClearOC4Ref                          0x0800c0c7   Thumb Code    24  stm32f4xx_tim.o(.text)
    TIM_OC1PolarityConfig                    0x0800c0df   Thumb Code    18  stm32f4xx_tim.o(.text)
    TIM_OC1NPolarityConfig                   0x0800c0f1   Thumb Code    18  stm32f4xx_tim.o(.text)
    TIM_OC2PolarityConfig                    0x0800c103   Thumb Code    26  stm32f4xx_tim.o(.text)
    TIM_OC2NPolarityConfig                   0x0800c11d   Thumb Code    26  stm32f4xx_tim.o(.text)
    TIM_OC3PolarityConfig                    0x0800c137   Thumb Code    26  stm32f4xx_tim.o(.text)
    TIM_OC3NPolarityConfig                   0x0800c151   Thumb Code    26  stm32f4xx_tim.o(.text)
    TIM_OC4PolarityConfig                    0x0800c16b   Thumb Code    26  stm32f4xx_tim.o(.text)
    TIM_CCxCmd                               0x0800c185   Thumb Code    30  stm32f4xx_tim.o(.text)
    TIM_CCxNCmd                              0x0800c1a3   Thumb Code    30  stm32f4xx_tim.o(.text)
    TIM_SetIC4Prescaler                      0x0800c1c1   Thumb Code    26  stm32f4xx_tim.o(.text)
    TIM_SetIC3Prescaler                      0x0800c22b   Thumb Code    18  stm32f4xx_tim.o(.text)
    TIM_SetIC2Prescaler                      0x0800c285   Thumb Code    26  stm32f4xx_tim.o(.text)
    TIM_SetIC1Prescaler                      0x0800c2f9   Thumb Code    18  stm32f4xx_tim.o(.text)
    TIM_ICInit                               0x0800c345   Thumb Code   110  stm32f4xx_tim.o(.text)
    TIM_ICStructInit                         0x0800c3b3   Thumb Code    18  stm32f4xx_tim.o(.text)
    TIM_PWMIConfig                           0x0800c3c5   Thumb Code   124  stm32f4xx_tim.o(.text)
    TIM_GetCapture1                          0x0800c441   Thumb Code     6  stm32f4xx_tim.o(.text)
    TIM_GetCapture2                          0x0800c447   Thumb Code     6  stm32f4xx_tim.o(.text)
    TIM_GetCapture3                          0x0800c44d   Thumb Code     6  stm32f4xx_tim.o(.text)
    TIM_GetCapture4                          0x0800c453   Thumb Code     6  stm32f4xx_tim.o(.text)
    TIM_BDTRConfig                           0x0800c459   Thumb Code    32  stm32f4xx_tim.o(.text)
    TIM_BDTRStructInit                       0x0800c479   Thumb Code    18  stm32f4xx_tim.o(.text)
    TIM_CtrlPWMOutputs                       0x0800c48b   Thumb Code    30  stm32f4xx_tim.o(.text)
    TIM_SelectCOM                            0x0800c4a9   Thumb Code    24  stm32f4xx_tim.o(.text)
    TIM_CCPreloadControl                     0x0800c4c1   Thumb Code    24  stm32f4xx_tim.o(.text)
    TIM_ITConfig                             0x0800c4d9   Thumb Code    18  stm32f4xx_tim.o(.text)
    TIM_GenerateEvent                        0x0800c4eb   Thumb Code     4  stm32f4xx_tim.o(.text)
    TIM_GetFlagStatus                        0x0800c4ef   Thumb Code    18  stm32f4xx_tim.o(.text)
    TIM_ClearFlag                            0x0800c501   Thumb Code     6  stm32f4xx_tim.o(.text)
    TIM_GetITStatus                          0x0800c507   Thumb Code    34  stm32f4xx_tim.o(.text)
    TIM_ClearITPendingBit                    0x0800c529   Thumb Code     6  stm32f4xx_tim.o(.text)
    TIM_DMAConfig                            0x0800c52f   Thumb Code    10  stm32f4xx_tim.o(.text)
    TIM_DMACmd                               0x0800c539   Thumb Code    18  stm32f4xx_tim.o(.text)
    TIM_SelectCCDMA                          0x0800c54b   Thumb Code    24  stm32f4xx_tim.o(.text)
    TIM_InternalClockConfig                  0x0800c563   Thumb Code    12  stm32f4xx_tim.o(.text)
    TIM_SelectInputTrigger                   0x0800c56f   Thumb Code    18  stm32f4xx_tim.o(.text)
    TIM_ITRxExternalClockConfig              0x0800c581   Thumb Code    24  stm32f4xx_tim.o(.text)
    TIM_TIxExternalClockConfig               0x0800c599   Thumb Code    62  stm32f4xx_tim.o(.text)
    TIM_ETRConfig                            0x0800c5d7   Thumb Code    28  stm32f4xx_tim.o(.text)
    TIM_ETRClockMode1Config                  0x0800c5f3   Thumb Code    54  stm32f4xx_tim.o(.text)
    TIM_ETRClockMode2Config                  0x0800c629   Thumb Code    32  stm32f4xx_tim.o(.text)
    TIM_SelectOutputTrigger                  0x0800c649   Thumb Code    18  stm32f4xx_tim.o(.text)
    TIM_SelectSlaveMode                      0x0800c65b   Thumb Code    18  stm32f4xx_tim.o(.text)
    TIM_SelectMasterSlaveMode                0x0800c66d   Thumb Code    18  stm32f4xx_tim.o(.text)
    TIM_EncoderInterfaceConfig               0x0800c67f   Thumb Code    66  stm32f4xx_tim.o(.text)
    TIM_SelectHallSensor                     0x0800c6c1   Thumb Code    24  stm32f4xx_tim.o(.text)
    TIM_RemapConfig                          0x0800c6d9   Thumb Code     6  stm32f4xx_tim.o(.text)
    SPI_I2S_DeInit                           0x0800c6e1   Thumb Code   152  stm32f4xx_spi.o(.text)
    SPI_Init                                 0x0800c779   Thumb Code    60  stm32f4xx_spi.o(.text)
    I2S_Init                                 0x0800c7b5   Thumb Code   396  stm32f4xx_spi.o(.text)
    SPI_StructInit                           0x0800c941   Thumb Code    24  stm32f4xx_spi.o(.text)
    I2S_StructInit                           0x0800c959   Thumb Code    20  stm32f4xx_spi.o(.text)
    SPI_Cmd                                  0x0800c96d   Thumb Code    24  stm32f4xx_spi.o(.text)
    I2S_Cmd                                  0x0800c985   Thumb Code    24  stm32f4xx_spi.o(.text)
    SPI_DataSizeConfig                       0x0800c99d   Thumb Code    18  stm32f4xx_spi.o(.text)
    SPI_BiDirectionalLineConfig              0x0800c9af   Thumb Code    28  stm32f4xx_spi.o(.text)
    SPI_NSSInternalSoftwareConfig            0x0800c9cb   Thumb Code    30  stm32f4xx_spi.o(.text)
    SPI_SSOutputCmd                          0x0800c9e9   Thumb Code    24  stm32f4xx_spi.o(.text)
    SPI_TIModeCmd                            0x0800ca01   Thumb Code    24  stm32f4xx_spi.o(.text)
    I2S_FullDuplexConfig                     0x0800ca19   Thumb Code    80  stm32f4xx_spi.o(.text)
    SPI_I2S_ReceiveData                      0x0800ca69   Thumb Code     6  stm32f4xx_spi.o(.text)
    SPI_I2S_SendData                         0x0800ca6f   Thumb Code     4  stm32f4xx_spi.o(.text)
    SPI_CalculateCRC                         0x0800ca73   Thumb Code    24  stm32f4xx_spi.o(.text)
    SPI_TransmitCRC                          0x0800ca8b   Thumb Code    10  stm32f4xx_spi.o(.text)
    SPI_GetCRC                               0x0800ca95   Thumb Code    16  stm32f4xx_spi.o(.text)
    SPI_GetCRCPolynomial                     0x0800caa5   Thumb Code     6  stm32f4xx_spi.o(.text)
    SPI_I2S_DMACmd                           0x0800caab   Thumb Code    18  stm32f4xx_spi.o(.text)
    SPI_I2S_ITConfig                         0x0800cabd   Thumb Code    68  stm32f4xx_spi.o(.text)
    SPI_I2S_GetFlagStatus                    0x0800cb01   Thumb Code    18  stm32f4xx_spi.o(.text)
    SPI_I2S_ClearFlag                        0x0800cb13   Thumb Code     6  stm32f4xx_spi.o(.text)
    SPI_I2S_GetITStatus                      0x0800cb19   Thumb Code    52  stm32f4xx_spi.o(.text)
    SPI_I2S_ClearITPendingBit                0x0800cb4d   Thumb Code    20  stm32f4xx_spi.o(.text)
    SDIO_DeInit                              0x0800cb61   Thumb Code    22  stm32f4xx_sdio.o(.text)
    SDIO_Init                                0x0800cb77   Thumb Code    42  stm32f4xx_sdio.o(.text)
    SDIO_StructInit                          0x0800cba1   Thumb Code    16  stm32f4xx_sdio.o(.text)
    SDIO_ClockCmd                            0x0800cbb1   Thumb Code     6  stm32f4xx_sdio.o(.text)
    SDIO_SetPowerState                       0x0800cbb7   Thumb Code     8  stm32f4xx_sdio.o(.text)
    SDIO_GetPowerState                       0x0800cbbf   Thumb Code    12  stm32f4xx_sdio.o(.text)
    SDIO_SendCommand                         0x0800cbcb   Thumb Code    42  stm32f4xx_sdio.o(.text)
    SDIO_CmdStructInit                       0x0800cbf5   Thumb Code    14  stm32f4xx_sdio.o(.text)
    SDIO_GetCommandResponse                  0x0800cc03   Thumb Code    10  stm32f4xx_sdio.o(.text)
    SDIO_GetResponse                         0x0800cc0d   Thumb Code    22  stm32f4xx_sdio.o(.text)
    SDIO_DataConfig                          0x0800cc23   Thumb Code    48  stm32f4xx_sdio.o(.text)
    SDIO_DataStructInit                      0x0800cc53   Thumb Code    20  stm32f4xx_sdio.o(.text)
    SDIO_GetDataCounter                      0x0800cc67   Thumb Code     8  stm32f4xx_sdio.o(.text)
    SDIO_ReadData                            0x0800cc6f   Thumb Code     8  stm32f4xx_sdio.o(.text)
    SDIO_WriteData                           0x0800cc77   Thumb Code     8  stm32f4xx_sdio.o(.text)
    SDIO_GetFIFOCount                        0x0800cc7f   Thumb Code     8  stm32f4xx_sdio.o(.text)
    SDIO_StartSDIOReadWait                   0x0800cc87   Thumb Code     6  stm32f4xx_sdio.o(.text)
    SDIO_StopSDIOReadWait                    0x0800cc8d   Thumb Code     8  stm32f4xx_sdio.o(.text)
    SDIO_SetSDIOReadWaitMode                 0x0800cc95   Thumb Code     8  stm32f4xx_sdio.o(.text)
    SDIO_SetSDIOOperation                    0x0800cc9d   Thumb Code     8  stm32f4xx_sdio.o(.text)
    SDIO_SendSDIOSuspendCmd                  0x0800cca5   Thumb Code     6  stm32f4xx_sdio.o(.text)
    SDIO_CommandCompletionCmd                0x0800ccab   Thumb Code     8  stm32f4xx_sdio.o(.text)
    SDIO_CEATAITCmd                          0x0800ccb3   Thumb Code    12  stm32f4xx_sdio.o(.text)
    SDIO_SendCEATACmd                        0x0800ccbf   Thumb Code     8  stm32f4xx_sdio.o(.text)
    SDIO_DMACmd                              0x0800ccc7   Thumb Code     8  stm32f4xx_sdio.o(.text)
    SDIO_ITConfig                            0x0800cccf   Thumb Code    34  stm32f4xx_sdio.o(.text)
    SDIO_GetFlagStatus                       0x0800ccf1   Thumb Code    22  stm32f4xx_sdio.o(.text)
    SDIO_ClearFlag                           0x0800cd07   Thumb Code     8  stm32f4xx_sdio.o(.text)
    SDIO_GetITStatus                         0x0800cd0f   Thumb Code    22  stm32f4xx_sdio.o(.text)
    SDIO_ClearITPendingBit                   0x0800cd25   Thumb Code     8  stm32f4xx_sdio.o(.text)
    DMA_DeInit                               0x0800cd3d   Thumb Code   324  stm32f4xx_dma.o(.text)
    DMA_Init                                 0x0800ce81   Thumb Code    82  stm32f4xx_dma.o(.text)
    DMA_StructInit                           0x0800ced3   Thumb Code    34  stm32f4xx_dma.o(.text)
    DMA_Cmd                                  0x0800cef5   Thumb Code    22  stm32f4xx_dma.o(.text)
    DMA_PeriphIncOffsetSizeConfig            0x0800cf0b   Thumb Code    22  stm32f4xx_dma.o(.text)
    DMA_FlowControllerConfig                 0x0800cf21   Thumb Code    22  stm32f4xx_dma.o(.text)
    DMA_SetCurrDataCounter                   0x0800cf37   Thumb Code     4  stm32f4xx_dma.o(.text)
    DMA_GetCurrDataCounter                   0x0800cf3b   Thumb Code     8  stm32f4xx_dma.o(.text)
    DMA_DoubleBufferModeConfig               0x0800cf43   Thumb Code    24  stm32f4xx_dma.o(.text)
    DMA_DoubleBufferModeCmd                  0x0800cf5b   Thumb Code    22  stm32f4xx_dma.o(.text)
    DMA_MemoryTargetConfig                   0x0800cf71   Thumb Code    10  stm32f4xx_dma.o(.text)
    DMA_GetCurrentMemoryTarget               0x0800cf7b   Thumb Code    20  stm32f4xx_dma.o(.text)
    DMA_GetCmdStatus                         0x0800cf8f   Thumb Code    20  stm32f4xx_dma.o(.text)
    DMA_GetFIFOStatus                        0x0800cfa3   Thumb Code    12  stm32f4xx_dma.o(.text)
    DMA_GetFlagStatus                        0x0800cfaf   Thumb Code    56  stm32f4xx_dma.o(.text)
    DMA_ClearFlag                            0x0800cfe7   Thumb Code    40  stm32f4xx_dma.o(.text)
    DMA_ITConfig                             0x0800d00f   Thumb Code    58  stm32f4xx_dma.o(.text)
    DMA_GetITStatus                          0x0800d049   Thumb Code    84  stm32f4xx_dma.o(.text)
    DMA_ClearITPendingBit                    0x0800d09d   Thumb Code    40  stm32f4xx_dma.o(.text)
    mymemcpy                                 0x0800d0e5   Thumb Code    26  malloc.o(.text)
    mymemset                                 0x0800d0ff   Thumb Code    20  malloc.o(.text)
    my_mem_init                              0x0800d113   Thumb Code    54  malloc.o(.text)
    my_mem_perused                           0x0800d149   Thumb Code    54  malloc.o(.text)
    my_mem_malloc                            0x0800d17f   Thumb Code   154  malloc.o(.text)
    my_mem_free                              0x0800d219   Thumb Code    94  malloc.o(.text)
    myfree                                   0x0800d277   Thumb Code    32  malloc.o(.text)
    mymalloc                                 0x0800d297   Thumb Code    36  malloc.o(.text)
    myrealloc                                0x0800d2bb   Thumb Code    68  malloc.o(.text)
    usmart_sys_cmd_exe                       0x0800d311   Thumb Code  1554  usmart.o(.text)
    usmart_reset_runtime                     0x0800d923   Thumb Code    38  usmart.o(.text)
    usmart_get_runtime                       0x0800d949   Thumb Code    60  usmart.o(.text)
    TIM4_IRQHandler                          0x0800d985   Thumb Code    46  usmart.o(.text)
    Timer4_Init                              0x0800d9b3   Thumb Code    88  usmart.o(.text)
    usmart_init                              0x0800da0b   Thumb Code    36  usmart.o(.text)
    usmart_cmd_rec                           0x0800da2f   Thumb Code   170  usmart.o(.text)
    usmart_exe                               0x0800dad9   Thumb Code   870  usmart.o(.text)
    usmart_scan                              0x0800de3f   Thumb Code   120  usmart.o(.text)
    read_addr                                0x0800deb7   Thumb Code     6  usmart.o(.text)
    write_addr                               0x0800debd   Thumb Code     4  usmart.o(.text)
    usmart_strcmp                            0x0800df49   Thumb Code    34  usmart_str.o(.text)
    usmart_strcopy                           0x0800df6b   Thumb Code    22  usmart_str.o(.text)
    usmart_strlen                            0x0800df81   Thumb Code    24  usmart_str.o(.text)
    usmart_pow                               0x0800df99   Thumb Code    22  usmart_str.o(.text)
    usmart_str2num                           0x0800dfaf   Thumb Code   202  usmart_str.o(.text)
    usmart_get_cmdname                       0x0800e079   Thumb Code    54  usmart_str.o(.text)
    usmart_search_nextc                      0x0800e0af   Thumb Code    22  usmart_str.o(.text)
    usmart_get_fname                         0x0800e0c5   Thumb Code   440  usmart_str.o(.text)
    usmart_get_aparm                         0x0800e27d   Thumb Code   200  usmart_str.o(.text)
    usmart_get_parmpos                       0x0800e345   Thumb Code    26  usmart_str.o(.text)
    usmart_get_fparam                        0x0800e35f   Thumb Code   262  usmart_str.o(.text)
    clust2sect                               0x0800e61f   Thumb Code    26  ff.o(.text)
    get_fat                                  0x0800e639   Thumb Code   232  ff.o(.text)
    put_fat                                  0x0800e721   Thumb Code   310  ff.o(.text)
    f_mount                                  0x0800fa33   Thumb Code    86  ff.o(.text)
    f_open                                   0x0800fa89   Thumb Code   384  ff.o(.text)
    f_read                                   0x0800fc09   Thumb Code   450  ff.o(.text)
    f_write                                  0x0800fdcb   Thumb Code   498  ff.o(.text)
    f_sync                                   0x0800ffbd   Thumb Code   176  ff.o(.text)
    f_close                                  0x0801006d   Thumb Code    32  ff.o(.text)
    f_lseek                                  0x0801008d   Thumb Code   654  ff.o(.text)
    f_opendir                                0x0801031b   Thumb Code   136  ff.o(.text)
    f_closedir                               0x080103a3   Thumb Code    22  ff.o(.text)
    f_readdir                                0x080103b9   Thumb Code   114  ff.o(.text)
    f_stat                                   0x0801042b   Thumb Code    84  ff.o(.text)
    f_getfree                                0x0801047f   Thumb Code   258  ff.o(.text)
    f_truncate                               0x08010581   Thumb Code   184  ff.o(.text)
    f_unlink                                 0x08010639   Thumb Code   194  ff.o(.text)
    f_mkdir                                  0x080106fb   Thumb Code   380  ff.o(.text)
    f_chmod                                  0x08010877   Thumb Code   112  ff.o(.text)
    f_utime                                  0x080108e7   Thumb Code   110  ff.o(.text)
    f_rename                                 0x08010955   Thumb Code   314  ff.o(.text)
    f_getlabel                               0x08010a8f   Thumb Code   190  ff.o(.text)
    f_setlabel                               0x08010b4d   Thumb Code   470  ff.o(.text)
    f_mkfs                                   0x08010d23   Thumb Code  1570  ff.o(.text)
    f_gets                                   0x08011345   Thumb Code    82  ff.o(.text)
    f_putc                                   0x080113db   Thumb Code    64  ff.o(.text)
    f_puts                                   0x0801141b   Thumb Code    74  ff.o(.text)
    f_printf                                 0x08011465   Thumb Code   674  ff.o(.text)
    disk_initialize                          0x08011709   Thumb Code    52  diskio.o(.text)
    disk_status                              0x0801173d   Thumb Code     6  diskio.o(.text)
    disk_read                                0x08011743   Thumb Code    98  diskio.o(.text)
    disk_write                               0x080117a5   Thumb Code    98  diskio.o(.text)
    disk_ioctl                               0x08011807   Thumb Code   170  diskio.o(.text)
    get_fattime                              0x080118b1   Thumb Code     4  diskio.o(.text)
    ff_memalloc                              0x080118b5   Thumb Code    14  diskio.o(.text)
    ff_memfree                               0x080118c3   Thumb Code    14  diskio.o(.text)
    exfuns_init                              0x080118d9   Thumb Code   110  exfuns.o(.text)
    char_upper                               0x08011947   Thumb Code    26  exfuns.o(.text)
    f_typetell                               0x08011961   Thumb Code   188  exfuns.o(.text)
    exf_getfree                              0x08011a1d   Thumb Code    74  exfuns.o(.text)
    ff_convert                               0x08011a7d   Thumb Code   146  mycc936.o(.text)
    ff_wtoupper                              0x08011b0f   Thumb Code    46  mycc936.o(.text)
    fupd_prog                                0x08011b49   Thumb Code   148  fontupd.o(.text)
    updata_fontx                             0x08011bdd   Thumb Code   346  fontupd.o(.text)
    update_font                              0x08011d37   Thumb Code   884  fontupd.o(.text)
    font_init                                0x080120ab   Thumb Code    64  fontupd.o(.text)
    Get_HzMat                                0x08012129   Thumb Code   220  text.o(.text)
    Show_Font                                0x08012205   Thumb Code   190  text.o(.text)
    Show_Str                                 0x080122c3   Thumb Code   192  text.o(.text)
    Show_Str_Mid                             0x08012383   Thumb Code   106  text.o(.text)
    __use_no_semihosting                     0x080123fd   Thumb Code     2  use_no_semi_2.o(.text)
    __aeabi_ldivmod                          0x080123ff   Thumb Code     0  llsdiv.o(.text)
    _ll_sdiv                                 0x080123ff   Thumb Code    72  llsdiv.o(.text)
    __c89vsprintf                            0x08012449   Thumb Code    32  c89vsprintf.o(.text)
    __2printf                                0x0801246d   Thumb Code    20  __2printf.o(.text)
    __2sprintf                               0x08012485   Thumb Code    38  __2sprintf.o(.text)
    _printf_pre_padding                      0x080124b1   Thumb Code    44  _printf_pad.o(.text)
    _printf_post_padding                     0x080124dd   Thumb Code    34  _printf_pad.o(.text)
    _printf_str                              0x080124ff   Thumb Code    82  _printf_str.o(.text)
    _printf_int_dec                          0x08012551   Thumb Code   104  _printf_dec.o(.text)
    _printf_longlong_hex                     0x080125c9   Thumb Code    86  _printf_hex_int_ll_ptr.o(.text)
    _printf_int_hex                          0x0801261f   Thumb Code    28  _printf_hex_int_ll_ptr.o(.text)
    _printf_ll_hex                           0x0801263b   Thumb Code    12  _printf_hex_int_ll_ptr.o(.text)
    _printf_hex_ptr                          0x08012647   Thumb Code    18  _printf_hex_int_ll_ptr.o(.text)
    __printf                                 0x0801265d   Thumb Code   388  __printf_flags_ss_wp.o(.text)
    strstr                                   0x080127e5   Thumb Code    36  strstr.o(.text)
    strcpy                                   0x08012809   Thumb Code    72  strcpy.o(.text)
    strlen                                   0x08012851   Thumb Code    62  strlen.o(.text)
    strcat                                   0x0801288f   Thumb Code    24  strcat.o(.text)
    __aeabi_memcpy                           0x080128a7   Thumb Code     0  rt_memcpy_v6.o(.text)
    __rt_memcpy                              0x080128a7   Thumb Code   138  rt_memcpy_v6.o(.text)
    _memcpy_lastbytes                        0x0801290d   Thumb Code     0  rt_memcpy_v6.o(.text)
    strcmp                                   0x08012931   Thumb Code   128  strcmpv7m.o(.text)
    __use_two_region_memory                  0x080129b1   Thumb Code     2  heapauxi.o(.text)
    __rt_heap_escrow$2region                 0x080129b3   Thumb Code     2  heapauxi.o(.text)
    __rt_heap_expand$2region                 0x080129b5   Thumb Code     2  heapauxi.o(.text)
    __I$use$semihosting                      0x080129b7   Thumb Code     0  use_no_semi.o(.text)
    __use_no_semihosting_swi                 0x080129b7   Thumb Code     2  use_no_semi.o(.text)
    __aeabi_uldivmod                         0x080129b9   Thumb Code     0  lludivv7m.o(.text)
    _ll_udiv                                 0x080129b9   Thumb Code   238  lludivv7m.o(.text)
    __read_errno                             0x08012aa7   Thumb Code    10  _rserrno.o(.text)
    __set_errno                              0x08012ab1   Thumb Code    12  _rserrno.o(.text)
    _printf_truncate_signed                  0x08012abd   Thumb Code    18  _printf_truncate.o(.text)
    _printf_truncate_unsigned                0x08012acf   Thumb Code    18  _printf_truncate.o(.text)
    _printf_int_common                       0x08012ae1   Thumb Code   178  _printf_intcommon.o(.text)
    _printf_charcount                        0x08012b93   Thumb Code    40  _printf_charcount.o(.text)
    _printf_char_common                      0x08012bc7   Thumb Code    32  _printf_char_common.o(.text)
    _sputc                                   0x08012bed   Thumb Code    10  _sputc.o(.text)
    _printf_cs_common                        0x08012bf7   Thumb Code    20  _printf_char.o(.text)
    _printf_char                             0x08012c0b   Thumb Code    16  _printf_char.o(.text)
    _printf_string                           0x08012c1b   Thumb Code     8  _printf_char.o(.text)
    _printf_char_file                        0x08012c25   Thumb Code    32  _printf_char_file.o(.text)
    _printf_wctomb                           0x08012c49   Thumb Code   182  _printf_wctomb.o(.text)
    _printf_longlong_dec                     0x08012d05   Thumb Code   108  _printf_longlong_dec.o(.text)
    _printf_longlong_oct                     0x08012d81   Thumb Code    68  _printf_oct_int_ll.o(.text)
    _printf_int_oct                          0x08012dc5   Thumb Code    24  _printf_oct_int_ll.o(.text)
    _printf_ll_oct                           0x08012ddd   Thumb Code    12  _printf_oct_int_ll.o(.text)
    __aeabi_memcpy4                          0x08012df1   Thumb Code     0  rt_memcpy_w.o(.text)
    __aeabi_memcpy8                          0x08012df1   Thumb Code     0  rt_memcpy_w.o(.text)
    __rt_memcpy_w                            0x08012df1   Thumb Code   100  rt_memcpy_w.o(.text)
    _memcpy_lastbytes_aligned                0x08012e39   Thumb Code     0  rt_memcpy_w.o(.text)
    __aeabi_errno_addr                       0x08012e55   Thumb Code     8  rt_errno_addr_intlibspace.o(.text)
    __errno$intlibspace                      0x08012e55   Thumb Code     0  rt_errno_addr_intlibspace.o(.text)
    __rt_errno_addr$intlibspace              0x08012e55   Thumb Code     0  rt_errno_addr_intlibspace.o(.text)
    _ll_udiv10                               0x08012e5d   Thumb Code   138  lludiv10.o(.text)
    __lib_sel_fp_printf                      0x08012ee7   Thumb Code     2  _printf_fp_dec.o(.text)
    _printf_fp_dec_real                      0x08013095   Thumb Code   620  _printf_fp_dec.o(.text)
    _printf_lcs_common                       0x08013301   Thumb Code    20  _printf_wchar.o(.text)
    _printf_wchar                            0x08013315   Thumb Code    16  _printf_wchar.o(.text)
    _printf_wstring                          0x08013325   Thumb Code     8  _printf_wchar.o(.text)
    ferror                                   0x0801332d   Thumb Code     8  ferror.o(.text)
    _wcrtomb                                 0x08013335   Thumb Code    64  _wcrtomb.o(.text)
    __user_libspace                          0x08013375   Thumb Code     8  libspace.o(.text)
    __user_perproc_libspace                  0x08013375   Thumb Code     0  libspace.o(.text)
    __user_perthread_libspace                0x08013375   Thumb Code     0  libspace.o(.text)
    __user_setup_stackheap                   0x0801337d   Thumb Code    74  sys_stackheap_outer.o(.text)
    __rt_ctype_table                         0x080133c9   Thumb Code    16  rt_ctype_table.o(.text)
    __rt_locale                              0x080133d9   Thumb Code     8  rt_locale_intlibspace.o(.text)
    _printf_fp_infnan                        0x080133e1   Thumb Code   112  _printf_fp_infnan.o(.text)
    _btod_etento                             0x08013461   Thumb Code   216  bigflt0.o(.text)
    exit                                     0x0801353d   Thumb Code    12  exit.o(.text)
    _btod_d2e                                0x08013549   Thumb Code    62  btod.o(CL$$btod_d2e)
    _d2e_denorm_low                          0x08013587   Thumb Code    70  btod.o(CL$$btod_d2e_denorm_low)
    _d2e_norm_op1                            0x080135cd   Thumb Code    96  btod.o(CL$$btod_d2e_norm_op1)
    __btod_div_common                        0x0801362d   Thumb Code   696  btod.o(CL$$btod_div_common)
    _e2e                                     0x08013965   Thumb Code   198  btod.o(CL$$btod_e2e)
    _btod_ediv                               0x08013a2b   Thumb Code    40  btod.o(CL$$btod_ediv)
    _btod_emul                               0x08013a53   Thumb Code    40  btod.o(CL$$btod_emul)
    __btod_mult_common                       0x08013a7b   Thumb Code   580  btod.o(CL$$btod_mult_common)
    __ARM_fpclassify                         0x08013cbf   Thumb Code    48  fpclassify.o(i.__ARM_fpclassify)
    __hardfp_sqrt                            0x08013cef   Thumb Code   122  sqrt.o(i.__hardfp_sqrt)
    _is_digit                                0x08013d69   Thumb Code    14  __printf_wp.o(i._is_digit)
    _get_lc_numeric                          0x08013d79   Thumb Code    44  lc_numeric_c.o(locale$$code)
    _get_lc_ctype                            0x08013da5   Thumb Code    44  lc_ctype_c.o(locale$$code)
    __aeabi_dadd                             0x08013dd1   Thumb Code     0  daddsub_clz.o(x$fpl$dadd)
    _dadd                                    0x08013dd1   Thumb Code   332  daddsub_clz.o(x$fpl$dadd)
    __fpl_dcmp_Inf                           0x08013f21   Thumb Code    24  dcmpi.o(x$fpl$dcmpinf)
    __aeabi_d2uiz                            0x08013f39   Thumb Code     0  dfixu.o(x$fpl$dfixu)
    _dfixu                                   0x08013f39   Thumb Code    90  dfixu.o(x$fpl$dfixu)
    __aeabi_i2d                              0x08013f93   Thumb Code     0  dflt_clz.o(x$fpl$dflt)
    _dflt                                    0x08013f93   Thumb Code    46  dflt_clz.o(x$fpl$dflt)
    __aeabi_ui2d                             0x08013fc1   Thumb Code     0  dflt_clz.o(x$fpl$dfltu)
    _dfltu                                   0x08013fc1   Thumb Code    38  dflt_clz.o(x$fpl$dfltu)
    __aeabi_cdcmple                          0x08013fe9   Thumb Code     0  dleqf.o(x$fpl$dleqf)
    _dcmple                                  0x08013fe9   Thumb Code   120  dleqf.o(x$fpl$dleqf)
    __fpl_dcmple_InfNaN                      0x0801404b   Thumb Code     0  dleqf.o(x$fpl$dleqf)
    __aeabi_dmul                             0x08014061   Thumb Code     0  dmul.o(x$fpl$dmul)
    _dmul                                    0x08014061   Thumb Code   332  dmul.o(x$fpl$dmul)
    __fpl_dnaninf                            0x080141b5   Thumb Code   156  dnaninf.o(x$fpl$dnaninf)
    __fpl_dretinf                            0x08014251   Thumb Code    12  dretinf.o(x$fpl$dretinf)
    __aeabi_cdrcmple                         0x0801425d   Thumb Code     0  drleqf.o(x$fpl$drleqf)
    _drcmple                                 0x0801425d   Thumb Code   108  drleqf.o(x$fpl$drleqf)
    __aeabi_drsub                            0x080142c9   Thumb Code     0  daddsub_clz.o(x$fpl$drsb)
    _drsb                                    0x080142c9   Thumb Code    22  daddsub_clz.o(x$fpl$drsb)
    _dsqrt                                   0x080142e1   Thumb Code   404  dsqrt_umaal.o(x$fpl$dsqrt)
    __aeabi_dsub                             0x08014479   Thumb Code     0  daddsub_clz.o(x$fpl$dsub)
    _dsub                                    0x08014479   Thumb Code   464  daddsub_clz.o(x$fpl$dsub)
    __aeabi_f2d                              0x0801464d   Thumb Code     0  f2d.o(x$fpl$f2d)
    _f2d                                     0x0801464d   Thumb Code    86  f2d.o(x$fpl$f2d)
    __fpl_fnaninf                            0x080146a3   Thumb Code   140  fnaninf.o(x$fpl$fnaninf)
    _fp_init                                 0x0801472f   Thumb Code    10  fpinit.o(x$fpl$fpinit)
    __fplib_config_fpu_vfp                   0x08014737   Thumb Code     0  fpinit.o(x$fpl$fpinit)
    __fplib_config_pureend_doubles           0x08014737   Thumb Code     0  fpinit.o(x$fpl$fpinit)
    _printf_fp_dec                           0x08014739   Thumb Code     4  printf1.o(x$fpl$printf1)
    __I$use$fp                               0x0801473c   Number         0  usenofp.o(x$fpl$usenofp)
    asc2_1206                                0x0801473c   Data        1140  lcd.o(.constdata)
    asc2_1608                                0x08014bb0   Data        1520  lcd.o(.constdata)
    asc2_2412                                0x080151a0   Data        3420  lcd.o(.constdata)
    GT9147_CFG_TBL                           0x08015efc   Data         184  gt9147.o(.constdata)
    GT9147_TPX_TBL                           0x08015fb4   Data          10  gt9147.o(.constdata)
    OTT_TPX_TBL                              0x08015fbe   Data          10  ott2001a.o(.constdata)
    FT5206_TPX_TBL                           0x08015fc8   Data          10  ft5206.o(.constdata)
    GT911_TPX_TBL                            0x08015fd2   Data          10  ft5206.o(.constdata)
    TP_REMIND_MSG_TBL                        0x08015fdc   Data           4  touch.o(.constdata)
    FSMC_DefaultTimingStruct                 0x08015fe0   Data          28  stm32f4xx_fsmc.o(.constdata)
    memtblsize                               0x08015ffc   Data          12  malloc.o(.constdata)
    memblksize                               0x08016008   Data          12  malloc.o(.constdata)
    memsize                                  0x08016014   Data          12  malloc.o(.constdata)
    GBK24_PATH                               0x0801641c   Data           4  fontupd.o(.constdata)
    GBK16_PATH                               0x08016420   Data           4  fontupd.o(.constdata)
    GBK12_PATH                               0x08016424   Data           4  fontupd.o(.constdata)
    UNIGBK_PATH                              0x08016428   Data           4  fontupd.o(.constdata)
    Region$$Table$$Base                      0x080167ec   Number         0  anon$$obj.o(Region$$Table)
    Region$$Table$$Limit                     0x0801680c   Number         0  anon$$obj.o(Region$$Table)
    __ctype                                  0x08016835   Data           0  lc_ctype_c.o(locale$$data)
    mem3base                                 0x10000000   Data       61440  malloc.o(.ARM.__AT_0x10000000)
    mem3mapbase                              0x1000f000   Data        3840  malloc.o(.ARM.__AT_0x1000F000)
    SystemCoreClock                          0x20000000   Data           4  system_stm32f4xx.o(.data)
    AHBPrescTable                            0x20000004   Data          16  system_stm32f4xx.o(.data)
    POINT_COLOR                              0x20000014   Data           2  lcd.o(.data)
    BACK_COLOR                               0x20000016   Data           2  lcd.o(.data)
    CIP                                      0x2000001b   Data           5  ft5206.o(.data)
    g_gt_tnum                                0x20000020   Data           1  ft5206.o(.data)
    tp_dev                                   0x20000024   Data          52  touch.o(.data)
    CMD_RDX                                  0x20000058   Data           1  touch.o(.data)
    CMD_RDY                                  0x20000059   Data           1  touch.o(.data)
    USART2_RX_STA                            0x2000005a   Data           2  usart2.o(.data)
    AS608Addr                                0x2000005c   Data           4  as608.o(.data)
    TransferError                            0x2000006a   Data           1  sdio_sdcard.o(.data)
    TransferEnd                              0x2000006b   Data           1  sdio_sdcard.o(.data)
    tempbuff                                 0x2000006c   Data           4  sdio_sdcard.o(.data)
    W25QXX_TYPE                              0x20000070   Data           2  w25qxx.o(.data)
    USART3_RX_STA                            0x20000072   Data           2  usart3.o(.data)
    ValidN                                   0x20000074   Data           2  fingerprint.o(.data)
    kbd_tbl                                  0x20000078   Data           4  fingerprint.o(.data)
    kbd_menu                                 0x2000007c   Data          60  fingerprint.o(.data)
    kbd_delFR                                0x200000b8   Data          60  fingerprint.o(.data)
    __stdout                                 0x200000fc   Data           4  usart.o(.data)
    USART_RX_STA                             0x20000100   Data           2  usart.o(.data)
    mallco_dev                               0x20000114   Data          36  malloc.o(.data)
    sys_cmd_tab                              0x20000138   Data          28  usmart.o(.data)
    usmart_nametab                           0x20000154   Data          48  usmart_config.o(.data)
    usmart_dev                               0x20000184   Data         244  usmart_config.o(.data)
    FLASH_SECTOR_COUNT                       0x20000282   Data           2  diskio.o(.data)
    FILE_TYPE_TBL                            0x20000284   Data         312  exfuns.o(.data)
    fs                                       0x200003bc   Data           8  exfuns.o(.data)
    file                                     0x200003c4   Data           4  exfuns.o(.data)
    ftemp                                    0x200003c8   Data           4  exfuns.o(.data)
    br                                       0x200003cc   Data           4  exfuns.o(.data)
    bw                                       0x200003d0   Data           4  exfuns.o(.data)
    fatbuf                                   0x200003d4   Data           4  exfuns.o(.data)
    lcddev                                   0x200003d8   Data          14  lcd.o(.bss)
    USART2_TX_BUF                            0x200003e8   Data         400  usart2.o(.bss)
    USART2_RX_BUF                            0x20000578   Data         400  usart2.o(.bss)
    SDIO_InitStructure                       0x20000708   Data          24  sdio_sdcard.o(.bss)
    SDIO_CmdInitStructure                    0x20000720   Data          20  sdio_sdcard.o(.bss)
    SDIO_DataInitStructure                   0x20000734   Data          24  sdio_sdcard.o(.bss)
    SDCardInfo                               0x20000770   Data          88  sdio_sdcard.o(.bss)
    SDIO_DATA_BUFFER                         0x200007c8   Data         512  sdio_sdcard.o(.bss)
    W25QXX_BUFFER                            0x200009c8   Data        4096  w25qxx.o(.bss)
    USART3_TX_BUF                            0x200019c8   Data         400  usart3.o(.bss)
    USART3_RX_BUF                            0x20001b58   Data         400  usart3.o(.bss)
    AS608Para                                0x20001ce8   Data          12  fingerprint.o(.bss)
    USART_RX_BUF                             0x20001cf4   Data         200  usart.o(.bss)
    mem1base                                 0x20001dc0   Data       102400  malloc.o(.bss)
    mem1mapbase                              0x2001adc0   Data        6400  malloc.o(.bss)
    ftinfo                                   0x2001c6c0   Data          33  fontupd.o(.bss)
    __libspace_start                         0x2001c6e4   Data          96  libspace.o(.bss)
    __temporary_stack_top$libspace           0x2001c744   Data           0  libspace.o(.bss)
    mem2base                                 0x68000000   Data       983040  malloc.o(.ARM.__AT_0x68000000)
    mem2mapbase                              0x680f0000   Data       61440  malloc.o(.ARM.__AT_0x680F0000)



==============================================================================

Memory Map of the image

  Image Entry point : 0x08000189

  Load Region LR_IROM1 (Base: 0x08000000, Size: 0x00016d10, Max: 0x00100000, ABSOLUTE, COMPRESSED[0x00016a60])

    Execution Region ER_IROM1 (Base: 0x08000000, Size: 0x00016938, Max: 0x00100000, ABSOLUTE)

    Base Addr    Size         Type   Attr      Idx    E Section Name        Object

    0x08000000   0x00000188   Data   RO          938    RESET               startup_stm32f40_41xxx.o
    0x08000188   0x00000008   Code   RO         1506  * !!!main             c_w.l(__main.o)
    0x08000190   0x00000034   Code   RO         1833    !!!scatter          c_w.l(__scatter.o)
    0x080001c4   0x0000005a   Code   RO         1831    !!dczerorl2         c_w.l(__dczerorl2.o)
    0x0800021e   0x00000002   PAD
    0x08000220   0x0000001c   Code   RO         1835    !!handler_zi        c_w.l(__scatter_zi.o)
    0x0800023c   0x00000000   Code   RO         1491    .ARM.Collect$$_printf_percent$$00000000  c_w.l(_printf_percent.o)
    0x0800023c   0x00000006   Code   RO         1576    .ARM.Collect$$_printf_percent$$00000001  c_w.l(_printf_n.o)
    0x08000242   0x00000006   Code   RO         1577    .ARM.Collect$$_printf_percent$$00000002  c_w.l(_printf_p.o)
    0x08000248   0x00000006   Code   RO         1580    .ARM.Collect$$_printf_percent$$00000003  c_w.l(_printf_f.o)
    0x0800024e   0x00000006   Code   RO         1581    .ARM.Collect$$_printf_percent$$00000004  c_w.l(_printf_e.o)
    0x08000254   0x00000006   Code   RO         1582    .ARM.Collect$$_printf_percent$$00000005  c_w.l(_printf_g.o)
    0x0800025a   0x00000006   Code   RO         1583    .ARM.Collect$$_printf_percent$$00000006  c_w.l(_printf_a.o)
    0x08000260   0x0000000a   Code   RO         1588    .ARM.Collect$$_printf_percent$$00000007  c_w.l(_printf_ll.o)
    0x0800026a   0x00000006   Code   RO         1579    .ARM.Collect$$_printf_percent$$00000008  c_w.l(_printf_i.o)
    0x08000270   0x00000006   Code   RO         1489    .ARM.Collect$$_printf_percent$$00000009  c_w.l(_printf_d.o)
    0x08000276   0x00000006   Code   RO         1490    .ARM.Collect$$_printf_percent$$0000000A  c_w.l(_printf_u.o)
    0x0800027c   0x00000006   Code   RO         1578    .ARM.Collect$$_printf_percent$$0000000B  c_w.l(_printf_o.o)
    0x08000282   0x00000006   Code   RO         1488    .ARM.Collect$$_printf_percent$$0000000C  c_w.l(_printf_x.o)
    0x08000288   0x00000006   Code   RO         1585    .ARM.Collect$$_printf_percent$$0000000D  c_w.l(_printf_lli.o)
    0x0800028e   0x00000006   Code   RO         1586    .ARM.Collect$$_printf_percent$$0000000E  c_w.l(_printf_lld.o)
    0x08000294   0x00000006   Code   RO         1587    .ARM.Collect$$_printf_percent$$0000000F  c_w.l(_printf_llu.o)
    0x0800029a   0x00000006   Code   RO         1592    .ARM.Collect$$_printf_percent$$00000010  c_w.l(_printf_llo.o)
    0x080002a0   0x00000006   Code   RO         1593    .ARM.Collect$$_printf_percent$$00000011  c_w.l(_printf_llx.o)
    0x080002a6   0x0000000a   Code   RO         1589    .ARM.Collect$$_printf_percent$$00000012  c_w.l(_printf_l.o)
    0x080002b0   0x00000006   Code   RO         1486    .ARM.Collect$$_printf_percent$$00000013  c_w.l(_printf_c.o)
    0x080002b6   0x00000006   Code   RO         1487    .ARM.Collect$$_printf_percent$$00000014  c_w.l(_printf_s.o)
    0x080002bc   0x00000006   Code   RO         1590    .ARM.Collect$$_printf_percent$$00000015  c_w.l(_printf_lc.o)
    0x080002c2   0x00000006   Code   RO         1591    .ARM.Collect$$_printf_percent$$00000016  c_w.l(_printf_ls.o)
    0x080002c8   0x00000004   Code   RO         1584    .ARM.Collect$$_printf_percent$$00000017  c_w.l(_printf_percent_end.o)
    0x080002cc   0x00000002   Code   RO         1698    .ARM.Collect$$libinit$$00000000  c_w.l(libinit.o)
    0x080002ce   0x00000004   Code   RO         1712    .ARM.Collect$$libinit$$00000001  c_w.l(libinit2.o)
    0x080002d2   0x00000000   Code   RO         1715    .ARM.Collect$$libinit$$00000004  c_w.l(libinit2.o)
    0x080002d2   0x00000000   Code   RO         1718    .ARM.Collect$$libinit$$0000000A  c_w.l(libinit2.o)
    0x080002d2   0x00000000   Code   RO         1720    .ARM.Collect$$libinit$$0000000C  c_w.l(libinit2.o)
    0x080002d2   0x00000000   Code   RO         1722    .ARM.Collect$$libinit$$0000000E  c_w.l(libinit2.o)
    0x080002d2   0x00000006   Code   RO         1723    .ARM.Collect$$libinit$$0000000F  c_w.l(libinit2.o)
    0x080002d8   0x00000000   Code   RO         1725    .ARM.Collect$$libinit$$00000011  c_w.l(libinit2.o)
    0x080002d8   0x0000000c   Code   RO         1726    .ARM.Collect$$libinit$$00000012  c_w.l(libinit2.o)
    0x080002e4   0x00000000   Code   RO         1727    .ARM.Collect$$libinit$$00000013  c_w.l(libinit2.o)
    0x080002e4   0x00000000   Code   RO         1729    .ARM.Collect$$libinit$$00000015  c_w.l(libinit2.o)
    0x080002e4   0x0000000a   Code   RO         1730    .ARM.Collect$$libinit$$00000016  c_w.l(libinit2.o)
    0x080002ee   0x00000000   Code   RO         1731    .ARM.Collect$$libinit$$00000017  c_w.l(libinit2.o)
    0x080002ee   0x00000000   Code   RO         1733    .ARM.Collect$$libinit$$00000019  c_w.l(libinit2.o)
    0x080002ee   0x00000000   Code   RO         1735    .ARM.Collect$$libinit$$0000001B  c_w.l(libinit2.o)
    0x080002ee   0x00000000   Code   RO         1737    .ARM.Collect$$libinit$$0000001D  c_w.l(libinit2.o)
    0x080002ee   0x00000000   Code   RO         1739    .ARM.Collect$$libinit$$0000001F  c_w.l(libinit2.o)
    0x080002ee   0x00000000   Code   RO         1741    .ARM.Collect$$libinit$$00000021  c_w.l(libinit2.o)
    0x080002ee   0x00000000   Code   RO         1743    .ARM.Collect$$libinit$$00000023  c_w.l(libinit2.o)
    0x080002ee   0x00000000   Code   RO         1745    .ARM.Collect$$libinit$$00000025  c_w.l(libinit2.o)
    0x080002ee   0x00000000   Code   RO         1749    .ARM.Collect$$libinit$$0000002C  c_w.l(libinit2.o)
    0x080002ee   0x00000000   Code   RO         1751    .ARM.Collect$$libinit$$0000002E  c_w.l(libinit2.o)
    0x080002ee   0x00000000   Code   RO         1753    .ARM.Collect$$libinit$$00000030  c_w.l(libinit2.o)
    0x080002ee   0x00000000   Code   RO         1755    .ARM.Collect$$libinit$$00000032  c_w.l(libinit2.o)
    0x080002ee   0x00000002   Code   RO         1756    .ARM.Collect$$libinit$$00000033  c_w.l(libinit2.o)
    0x080002f0   0x00000002   Code   RO         1784    .ARM.Collect$$libshutdown$$00000000  c_w.l(libshutdown.o)
    0x080002f2   0x00000000   Code   RO         1799    .ARM.Collect$$libshutdown$$00000003  c_w.l(libshutdown2.o)
    0x080002f2   0x00000000   Code   RO         1802    .ARM.Collect$$libshutdown$$00000006  c_w.l(libshutdown2.o)
    0x080002f2   0x00000000   Code   RO         1805    .ARM.Collect$$libshutdown$$00000009  c_w.l(libshutdown2.o)
    0x080002f2   0x00000000   Code   RO         1807    .ARM.Collect$$libshutdown$$0000000B  c_w.l(libshutdown2.o)
    0x080002f2   0x00000000   Code   RO         1810    .ARM.Collect$$libshutdown$$0000000E  c_w.l(libshutdown2.o)
    0x080002f2   0x00000002   Code   RO         1811    .ARM.Collect$$libshutdown$$0000000F  c_w.l(libshutdown2.o)
    0x080002f4   0x00000000   Code   RO         1546    .ARM.Collect$$rtentry$$00000000  c_w.l(__rtentry.o)
    0x080002f4   0x00000000   Code   RO         1610    .ARM.Collect$$rtentry$$00000002  c_w.l(__rtentry2.o)
    0x080002f4   0x00000006   Code   RO         1622    .ARM.Collect$$rtentry$$00000004  c_w.l(__rtentry4.o)
    0x080002fa   0x00000000   Code   RO         1612    .ARM.Collect$$rtentry$$00000009  c_w.l(__rtentry2.o)
    0x080002fa   0x00000004   Code   RO         1613    .ARM.Collect$$rtentry$$0000000A  c_w.l(__rtentry2.o)
    0x080002fe   0x00000000   Code   RO         1615    .ARM.Collect$$rtentry$$0000000C  c_w.l(__rtentry2.o)
    0x080002fe   0x00000008   Code   RO         1616    .ARM.Collect$$rtentry$$0000000D  c_w.l(__rtentry2.o)
    0x08000306   0x00000002   Code   RO         1703    .ARM.Collect$$rtexit$$00000000  c_w.l(rtexit.o)
    0x08000308   0x00000000   Code   RO         1758    .ARM.Collect$$rtexit$$00000002  c_w.l(rtexit2.o)
    0x08000308   0x00000004   Code   RO         1759    .ARM.Collect$$rtexit$$00000003  c_w.l(rtexit2.o)
    0x0800030c   0x00000006   Code   RO         1760    .ARM.Collect$$rtexit$$00000004  c_w.l(rtexit2.o)
    0x08000312   0x00000002   PAD
    0x08000314   0x00000010   Code   RO          889    .emb_text           sys.o
    0x08000324   0x0000017c   Code   RO            3    .text               main.o
    0x080004a0   0x0000001a   Code   RO          239    .text               stm32f4xx_it.o
    0x080004ba   0x00000002   PAD
    0x080004bc   0x00000210   Code   RO          288    .text               system_stm32f4xx.o
    0x080006cc   0x00000040   Code   RO          314    .text               led.o
    0x0800070c   0x00003664   Code   RO          334    .text               lcd.o
    0x08003d70   0x00000104   Code   RO          372    .text               key.o
    0x08003e74   0x0000025c   Code   RO          393    .text               myiic.o
    0x080040d0   0x0000017a   Code   RO          416    .text               24cxx.o
    0x0800424a   0x00000002   PAD
    0x0800424c   0x000001c8   Code   RO          439    .text               ctiic.o
    0x08004414   0x00000430   Code   RO          462    .text               gt9147.o
    0x08004844   0x00000388   Code   RO          486    .text               ott2001a.o
    0x08004bcc   0x00000578   Code   RO          510    .text               ft5206.o
    0x08005144   0x000010e0   Code   RO          534    .text               touch.o
    0x08006224   0x00000184   Code   RO          566    .text               usart2.o
    0x080063a8   0x00000abc   Code   RO          603    .text               as608.o
    0x08006e64   0x00000108   Code   RO          633    .text               timer.o
    0x08006f6c   0x00000040   Code   RO          654    .text               beep.o
    0x08006fac   0x00001d60   Code   RO          674    .text               sdio_sdcard.o
    0x08008d0c   0x00000388   Code   RO          701    .text               w25qxx.o
    0x08009094   0x00000118   Code   RO          731    .text               spi.o
    0x080091ac   0x00000274   Code   RO          751    .text               hc05.o
    0x08009420   0x00000184   Code   RO          771    .text               usart3.o
    0x080095a4   0x00000c88   Code   RO          822    .text               fingerprint.o
    0x0800a22c   0x00000198   Code   RO          847    .text               dht11.o
    0x0800a3c4   0x00000104   Code   RO          867    .text               delay.o
    0x0800a4c8   0x00000148   Code   RO          907    .text               usart.o
    0x0800a610   0x00000040   Code   RO          939    .text               startup_stm32f40_41xxx.o
    0x0800a650   0x000000e0   Code   RO          945    .text               misc.o
    0x0800a730   0x00000294   Code   RO          965    .text               stm32f4xx_gpio.o
    0x0800a9c4   0x000005c8   Code   RO          985    .text               stm32f4xx_fsmc.o
    0x0800af8c   0x0000065c   Code   RO         1008    .text               stm32f4xx_rcc.o
    0x0800b5e8   0x00000454   Code   RO         1050    .text               stm32f4xx_usart.o
    0x0800ba3c   0x00000ca2   Code   RO         1070    .text               stm32f4xx_tim.o
    0x0800c6de   0x00000002   PAD
    0x0800c6e0   0x00000480   Code   RO         1090    .text               stm32f4xx_spi.o
    0x0800cb60   0x000001dc   Code   RO         1110    .text               stm32f4xx_sdio.o
    0x0800cd3c   0x000003a8   Code   RO         1130    .text               stm32f4xx_dma.o
    0x0800d0e4   0x0000022c   Code   RO         1150    .text               malloc.o
    0x0800d310   0x00000c38   Code   RO         1182    .text               usmart.o
    0x0800df48   0x00000528   Code   RO         1231    .text               usmart_str.o
    0x0800e470   0x00003296   Code   RO         1249    .text               ff.o
    0x08011706   0x00000002   PAD
    0x08011708   0x000001d0   Code   RO         1272    .text               diskio.o
    0x080118d8   0x000001a4   Code   RO         1295    .text               exfuns.o
    0x08011a7c   0x000000cc   Code   RO         1350    .text               mycc936.o
    0x08011b48   0x000005e0   Code   RO         1371    .text               fontupd.o
    0x08012128   0x000002d4   Code   RO         1403    .text               text.o
    0x080123fc   0x00000002   Code   RO         1423    .text               c_w.l(use_no_semi_2.o)
    0x080123fe   0x00000048   Code   RO         1425    .text               c_w.l(llsdiv.o)
    0x08012446   0x00000002   PAD
    0x08012448   0x00000024   Code   RO         1427    .text               c_w.l(c89vsprintf.o)
    0x0801246c   0x00000018   Code   RO         1429    .text               c_w.l(__2printf.o)
    0x08012484   0x0000002c   Code   RO         1431    .text               c_w.l(__2sprintf.o)
    0x080124b0   0x0000004e   Code   RO         1439    .text               c_w.l(_printf_pad.o)
    0x080124fe   0x00000052   Code   RO         1441    .text               c_w.l(_printf_str.o)
    0x08012550   0x00000078   Code   RO         1443    .text               c_w.l(_printf_dec.o)
    0x080125c8   0x00000094   Code   RO         1463    .text               c_w.l(_printf_hex_int_ll_ptr.o)
    0x0801265c   0x00000188   Code   RO         1483    .text               c_w.l(__printf_flags_ss_wp.o)
    0x080127e4   0x00000024   Code   RO         1492    .text               c_w.l(strstr.o)
    0x08012808   0x00000048   Code   RO         1494    .text               c_w.l(strcpy.o)
    0x08012850   0x0000003e   Code   RO         1496    .text               c_w.l(strlen.o)
    0x0801288e   0x00000018   Code   RO         1498    .text               c_w.l(strcat.o)
    0x080128a6   0x0000008a   Code   RO         1500    .text               c_w.l(rt_memcpy_v6.o)
    0x08012930   0x00000080   Code   RO         1502    .text               c_w.l(strcmpv7m.o)
    0x080129b0   0x00000006   Code   RO         1504    .text               c_w.l(heapauxi.o)
    0x080129b6   0x00000002   Code   RO         1544    .text               c_w.l(use_no_semi.o)
    0x080129b8   0x000000ee   Code   RO         1547    .text               c_w.l(lludivv7m.o)
    0x08012aa6   0x00000016   Code   RO         1549    .text               c_w.l(_rserrno.o)
    0x08012abc   0x00000024   Code   RO         1551    .text               c_w.l(_printf_truncate.o)
    0x08012ae0   0x000000b2   Code   RO         1553    .text               c_w.l(_printf_intcommon.o)
    0x08012b92   0x00000028   Code   RO         1555    .text               c_w.l(_printf_charcount.o)
    0x08012bba   0x00000002   PAD
    0x08012bbc   0x00000030   Code   RO         1557    .text               c_w.l(_printf_char_common.o)
    0x08012bec   0x0000000a   Code   RO         1559    .text               c_w.l(_sputc.o)
    0x08012bf6   0x0000002c   Code   RO         1561    .text               c_w.l(_printf_char.o)
    0x08012c22   0x00000002   PAD
    0x08012c24   0x00000024   Code   RO         1563    .text               c_w.l(_printf_char_file.o)
    0x08012c48   0x000000bc   Code   RO         1565    .text               c_w.l(_printf_wctomb.o)
    0x08012d04   0x0000007c   Code   RO         1568    .text               c_w.l(_printf_longlong_dec.o)
    0x08012d80   0x00000070   Code   RO         1574    .text               c_w.l(_printf_oct_int_ll.o)
    0x08012df0   0x00000064   Code   RO         1594    .text               c_w.l(rt_memcpy_w.o)
    0x08012e54   0x00000008   Code   RO         1631    .text               c_w.l(rt_errno_addr_intlibspace.o)
    0x08012e5c   0x0000008a   Code   RO         1633    .text               c_w.l(lludiv10.o)
    0x08012ee6   0x0000041a   Code   RO         1635    .text               c_w.l(_printf_fp_dec.o)
    0x08013300   0x0000002c   Code   RO         1639    .text               c_w.l(_printf_wchar.o)
    0x0801332c   0x00000008   Code   RO         1641    .text               c_w.l(ferror.o)
    0x08013334   0x00000040   Code   RO         1645    .text               c_w.l(_wcrtomb.o)
    0x08013374   0x00000008   Code   RO         1647    .text               c_w.l(libspace.o)
    0x0801337c   0x0000004a   Code   RO         1650    .text               c_w.l(sys_stackheap_outer.o)
    0x080133c6   0x00000002   PAD
    0x080133c8   0x00000010   Code   RO         1652    .text               c_w.l(rt_ctype_table.o)
    0x080133d8   0x00000008   Code   RO         1659    .text               c_w.l(rt_locale_intlibspace.o)
    0x080133e0   0x00000080   Code   RO         1661    .text               c_w.l(_printf_fp_infnan.o)
    0x08013460   0x000000dc   Code   RO         1663    .text               c_w.l(bigflt0.o)
    0x0801353c   0x0000000c   Code   RO         1691    .text               c_w.l(exit.o)
    0x08013548   0x0000003e   Code   RO         1666    CL$$btod_d2e        c_w.l(btod.o)
    0x08013586   0x00000046   Code   RO         1668    CL$$btod_d2e_denorm_low  c_w.l(btod.o)
    0x080135cc   0x00000060   Code   RO         1667    CL$$btod_d2e_norm_op1  c_w.l(btod.o)
    0x0801362c   0x00000338   Code   RO         1676    CL$$btod_div_common  c_w.l(btod.o)
    0x08013964   0x000000c6   Code   RO         1673    CL$$btod_e2e        c_w.l(btod.o)
    0x08013a2a   0x00000028   Code   RO         1670    CL$$btod_ediv       c_w.l(btod.o)
    0x08013a52   0x00000028   Code   RO         1669    CL$$btod_emul       c_w.l(btod.o)
    0x08013a7a   0x00000244   Code   RO         1675    CL$$btod_mult_common  c_w.l(btod.o)
    0x08013cbe   0x00000030   Code   RO         1701    i.__ARM_fpclassify  m_wm.l(fpclassify.o)
    0x08013cee   0x0000007a   Code   RO         1532    i.__hardfp_sqrt     m_wm.l(sqrt.o)
    0x08013d68   0x0000000e   Code   RO         1476    i._is_digit         c_w.l(__printf_wp.o)
    0x08013d76   0x00000002   PAD
    0x08013d78   0x0000002c   Code   RO         1689    locale$$code        c_w.l(lc_numeric_c.o)
    0x08013da4   0x0000002c   Code   RO         1706    locale$$code        c_w.l(lc_ctype_c.o)
    0x08013dd0   0x00000150   Code   RO         1508    x$fpl$dadd          fz_wm.l(daddsub_clz.o)
    0x08013f20   0x00000018   Code   RO         1596    x$fpl$dcmpinf       fz_wm.l(dcmpi.o)
    0x08013f38   0x0000005a   Code   RO         1514    x$fpl$dfixu         fz_wm.l(dfixu.o)
    0x08013f92   0x0000002e   Code   RO         1519    x$fpl$dflt          fz_wm.l(dflt_clz.o)
    0x08013fc0   0x00000026   Code   RO         1518    x$fpl$dfltu         fz_wm.l(dflt_clz.o)
    0x08013fe6   0x00000002   PAD
    0x08013fe8   0x00000078   Code   RO         1524    x$fpl$dleqf         fz_wm.l(dleqf.o)
    0x08014060   0x00000154   Code   RO         1526    x$fpl$dmul          fz_wm.l(dmul.o)
    0x080141b4   0x0000009c   Code   RO         1598    x$fpl$dnaninf       fz_wm.l(dnaninf.o)
    0x08014250   0x0000000c   Code   RO         1600    x$fpl$dretinf       fz_wm.l(dretinf.o)
    0x0801425c   0x0000006c   Code   RO         1528    x$fpl$drleqf        fz_wm.l(drleqf.o)
    0x080142c8   0x00000016   Code   RO         1509    x$fpl$drsb          fz_wm.l(daddsub_clz.o)
    0x080142de   0x00000002   PAD
    0x080142e0   0x00000198   Code   RO         1602    x$fpl$dsqrt         fz_wm.l(dsqrt_umaal.o)
    0x08014478   0x000001d4   Code   RO         1510    x$fpl$dsub          fz_wm.l(daddsub_clz.o)
    0x0801464c   0x00000056   Code   RO         1530    x$fpl$f2d           fz_wm.l(f2d.o)
    0x080146a2   0x0000008c   Code   RO         1604    x$fpl$fnaninf       fz_wm.l(fnaninf.o)
    0x0801472e   0x0000000a   Code   RO         1772    x$fpl$fpinit        fz_wm.l(fpinit.o)
    0x08014738   0x00000004   Code   RO         1606    x$fpl$printf1       fz_wm.l(printf1.o)
    0x0801473c   0x00000000   Code   RO         1608    x$fpl$usenofp       fz_wm.l(usenofp.o)
    0x0801473c   0x000017c0   Data   RO          336    .constdata          lcd.o
    0x08015efc   0x000000c2   Data   RO          463    .constdata          gt9147.o
    0x08015fbe   0x0000000a   Data   RO          487    .constdata          ott2001a.o
    0x08015fc8   0x00000014   Data   RO          511    .constdata          ft5206.o
    0x08015fdc   0x00000004   Data   RO          535    .constdata          touch.o
    0x08015fe0   0x0000001c   Data   RO          986    .constdata          stm32f4xx_fsmc.o
    0x08015ffc   0x00000024   Data   RO         1156    .constdata          malloc.o
    0x08016020   0x0000003a   Data   RO         1250    .constdata          ff.o
    0x0801605a   0x000003c0   Data   RO         1351    .constdata          mycc936.o
    0x0801641a   0x00000002   PAD
    0x0801641c   0x00000010   Data   RO         1373    .constdata          fontupd.o
    0x0801642c   0x00000028   Data   RO         1464    .constdata          c_w.l(_printf_hex_int_ll_ptr.o)
    0x08016454   0x00000011   Data   RO         1484    .constdata          c_w.l(__printf_flags_ss_wp.o)
    0x08016465   0x00000003   PAD
    0x08016468   0x00000008   Data   RO         1566    .constdata          c_w.l(_printf_wctomb.o)
    0x08016470   0x00000094   Data   RO         1664    .constdata          c_w.l(bigflt0.o)
    0x08016504   0x00000079   Data   RO          536    .conststring        touch.o
    0x0801657d   0x00000003   PAD
    0x08016580   0x00000059   Data   RO          824    .conststring        fingerprint.o
    0x080165d9   0x00000003   PAD
    0x080165dc   0x00000028   Data   RO         1183    .conststring        usmart.o
    0x08016604   0x00000127   Data   RO         1206    .conststring        usmart_config.o
    0x0801672b   0x00000001   PAD
    0x0801672c   0x00000060   Data   RO         1297    .conststring        exfuns.o
    0x0801678c   0x0000005f   Data   RO         1374    .conststring        fontupd.o
    0x080167eb   0x00000001   PAD
    0x080167ec   0x00000020   Data   RO         1829    Region$$Table       anon$$obj.o
    0x0801680c   0x0000001c   Data   RO         1688    locale$$data        c_w.l(lc_numeric_c.o)
    0x08016828   0x00000110   Data   RO         1705    locale$$data        c_w.l(lc_ctype_c.o)


    Execution Region RW_IRAM1 (Base: 0x20000000, Size: 0x0001cd48, Max: 0x00020000, ABSOLUTE, COMPRESSED[0x00000128])

    Base Addr    Size         Type   Attr      Idx    E Section Name        Object

    0x20000000   0x00000014   Data   RW          289    .data               system_stm32f4xx.o
    0x20000014   0x00000004   Data   RW          337    .data               lcd.o
    0x20000018   0x00000001   Data   RW          373    .data               key.o
    0x20000019   0x00000001   Data   RW          464    .data               gt9147.o
    0x2000001a   0x00000001   Data   RW          488    .data               ott2001a.o
    0x2000001b   0x00000007   Data   RW          512    .data               ft5206.o
    0x20000022   0x00000002   PAD
    0x20000024   0x00000036   Data   RW          537    .data               touch.o
    0x2000005a   0x00000002   Data   RW          568    .data               usart2.o
    0x2000005c   0x00000004   Data   RW          604    .data               as608.o
    0x20000060   0x00000010   Data   RW          676    .data               sdio_sdcard.o
    0x20000070   0x00000002   Data   RW          703    .data               w25qxx.o
    0x20000072   0x00000002   Data   RW          773    .data               usart3.o
    0x20000074   0x00000081   Data   RW          825    .data               fingerprint.o
    0x200000f5   0x00000001   PAD
    0x200000f6   0x00000004   Data   RW          868    .data               delay.o
    0x200000fa   0x00000002   PAD
    0x200000fc   0x00000006   Data   RW          909    .data               usart.o
    0x20000102   0x00000010   Data   RW         1009    .data               stm32f4xx_rcc.o
    0x20000112   0x00000002   PAD
    0x20000114   0x00000024   Data   RW         1157    .data               malloc.o
    0x20000138   0x0000001c   Data   RW         1184    .data               usmart.o
    0x20000154   0x00000124   Data   RW         1207    .data               usmart_config.o
    0x20000278   0x0000000a   Data   RW         1251    .data               ff.o
    0x20000282   0x00000002   Data   RW         1273    .data               diskio.o
    0x20000284   0x00000154   Data   RW         1298    .data               exfuns.o
    0x200003d8   0x0000000e   Zero   RW          335    .bss                lcd.o
    0x200003e6   0x00000002   PAD
    0x200003e8   0x00000320   Zero   RW          567    .bss                usart2.o
    0x20000708   0x000002c0   Zero   RW          675    .bss                sdio_sdcard.o
    0x200009c8   0x00001000   Zero   RW          702    .bss                w25qxx.o
    0x200019c8   0x00000320   Zero   RW          772    .bss                usart3.o
    0x20001ce8   0x0000000c   Zero   RW          823    .bss                fingerprint.o
    0x20001cf4   0x000000c8   Zero   RW          908    .bss                usart.o
    0x20001dbc   0x00000004   PAD
    0x20001dc0   0x0001a900   Zero   RW         1155    .bss                malloc.o
    0x2001c6c0   0x00000021   Zero   RW         1372    .bss                fontupd.o
    0x2001c6e1   0x00000003   PAD
    0x2001c6e4   0x00000060   Zero   RW         1648    .bss                c_w.l(libspace.o)
    0x2001c744   0x00000004   PAD
    0x2001c748   0x00000200   Zero   RW          937    HEAP                startup_stm32f40_41xxx.o
    0x2001c948   0x00000400   Zero   RW          936    STACK               startup_stm32f40_41xxx.o



  Load Region LR$$.ARM.__AT_0x10000000 (Base: 0x10000000, Size: 0x00000000, Max: 0x0000f000, ABSOLUTE)

    Execution Region ER$$.ARM.__AT_0x10000000 (Base: 0x10000000, Size: 0x0000f000, Max: 0x0000f000, ABSOLUTE, UNINIT)

    Base Addr    Size         Type   Attr      Idx    E Section Name        Object

    0x10000000   0x0000f000   Zero   RW         1151    .ARM.__AT_0x10000000  malloc.o



  Load Region LR$$.ARM.__AT_0x1000F000 (Base: 0x1000f000, Size: 0x00000000, Max: 0x00000f00, ABSOLUTE)

    Execution Region ER$$.ARM.__AT_0x1000F000 (Base: 0x1000f000, Size: 0x00000f00, Max: 0x00000f00, ABSOLUTE, UNINIT)

    Base Addr    Size         Type   Attr      Idx    E Section Name        Object

    0x1000f000   0x00000f00   Zero   RW         1152    .ARM.__AT_0x1000F000  malloc.o



  Load Region LR$$.ARM.__AT_0x68000000 (Base: 0x68000000, Size: 0x00000000, Max: 0x000f0000, ABSOLUTE)

    Execution Region ER$$.ARM.__AT_0x68000000 (Base: 0x68000000, Size: 0x000f0000, Max: 0x000f0000, ABSOLUTE, UNINIT)

    Base Addr    Size         Type   Attr      Idx    E Section Name        Object

    0x68000000   0x000f0000   Zero   RW         1153    .ARM.__AT_0x68000000  malloc.o



  Load Region LR$$.ARM.__AT_0x680F0000 (Base: 0x680f0000, Size: 0x00000000, Max: 0x0000f000, ABSOLUTE)

    Execution Region ER$$.ARM.__AT_0x680F0000 (Base: 0x680f0000, Size: 0x0000f000, Max: 0x0000f000, ABSOLUTE, UNINIT)

    Base Addr    Size         Type   Attr      Idx    E Section Name        Object

    0x680f0000   0x0000f000   Zero   RW         1154    .ARM.__AT_0x680F0000  malloc.o


==============================================================================

Image component sizes


      Code (inc. data)   RO Data    RW Data    ZI Data      Debug   Object Name

       378          0          0          0          0       2706   24cxx.o
      2748        682          0          4          0       8434   as608.o
        64          4          0          0          0        552   beep.o
       456         26          0          0          0       2005   ctiic.o
       260          8          0          4          0       1481   delay.o
       408         12          0          0          0       2182   dht11.o
       464          8          0          2          0       3514   diskio.o
       420         22         96        340          0       2720   exfuns.o
     12950        138         58         10          0      37510   ff.o
      3208        574         89        129         12       5129   fingerprint.o
      1504        158        111          0         33       4240   fontupd.o
      1400         82         20          7          0       2947   ft5206.o
      1072         78        194          1          0       3066   gt9147.o
       628         62          0          0          0       2188   hc05.o
       260         12          0          1          0        888   key.o
     13924        140       6080          4         14      18642   lcd.o
        64          4          0          0          0        547   led.o
       380         82          0          0          0     321507   main.o
       556         18         36         36    1218560       4937   malloc.o
       224         20          0          0          0       1861   misc.o
       204         12        960          0          0       1689   mycc936.o
       604         14          0          0          0       1920   myiic.o
       904         66         10          1          0       2739   ott2001a.o
      7520        282          0         16        704      25053   sdio_sdcard.o
       280          8          0          0          0       1081   spi.o
        64         26        392          0       1536        852   startup_stm32f40_41xxx.o
       936         32          0          0          0       6337   stm32f4xx_dma.o
      1480         18         28          0          0       5682   stm32f4xx_fsmc.o
       660         44          0          0          0       4137   stm32f4xx_gpio.o
        26          0          0          0          0       1246   stm32f4xx_it.o
      1628         52          0         16          0      12948   stm32f4xx_rcc.o
       476         16          0          0          0       7432   stm32f4xx_sdio.o
      1152         36          0          0          0       6889   stm32f4xx_spi.o
      3234         60          0          0          0      22344   stm32f4xx_tim.o
      1108         34          0          0          0       7840   stm32f4xx_usart.o
        16          0          0          0          0        504   sys.o
       528         46          0         20          0       1843   system_stm32f4xx.o
       724         16          0          0          0       3016   text.o
       264         18          0          0          0       1250   timer.o
      4320        228        125         54          0       6749   touch.o
       328         16          0          6        200       3358   usart.o
       388         24          0          2        800       2634   usart2.o
       388         26          0          2        800       2062   usart3.o
      3128       1288         40         28          0       4430   usmart.o
         0          0        295        292          0       1536   usmart_config.o
      1320         12          0          0          0       5209   usmart_str.o
       904         34          0          2       4096       4409   w25qxx.o

    ----------------------------------------------------------------------
     73960       4538       8576        984    1226764     572245   Object Totals
         0          0         32          0          0          0   (incl. Generated)
         8          0         10          7          9          0   (incl. Padding)

    ----------------------------------------------------------------------

      Code (inc. data)   RO Data    RW Data    ZI Data      Debug   Library Member Name

        24          4          0          0          0         84   __2printf.o
        44          6          0          0          0         84   __2sprintf.o
        90          0          0          0          0          0   __dczerorl2.o
         8          0          0          0          0         68   __main.o
       392          4         17          0          0         92   __printf_flags_ss_wp.o
        14          0          0          0          0         68   __printf_wp.o
         0          0          0          0          0          0   __rtentry.o
        12          0          0          0          0          0   __rtentry2.o
         6          0          0          0          0          0   __rtentry4.o
        52          8          0          0          0          0   __scatter.o
        28          0          0          0          0          0   __scatter_zi.o
         6          0          0          0          0          0   _printf_a.o
         6          0          0          0          0          0   _printf_c.o
        44          0          0          0          0        108   _printf_char.o
        48          6          0          0          0         96   _printf_char_common.o
        36          4          0          0          0         80   _printf_char_file.o
        40          0          0          0          0         68   _printf_charcount.o
         6          0          0          0          0          0   _printf_d.o
       120         16          0          0          0         92   _printf_dec.o
         6          0          0          0          0          0   _printf_e.o
         6          0          0          0          0          0   _printf_f.o
      1050          0          0          0          0        216   _printf_fp_dec.o
       128         16          0          0          0         84   _printf_fp_infnan.o
         6          0          0          0          0          0   _printf_g.o
       148          4         40          0          0        160   _printf_hex_int_ll_ptr.o
         6          0          0          0          0          0   _printf_i.o
       178          0          0          0          0         88   _printf_intcommon.o
        10          0          0          0          0          0   _printf_l.o
         6          0          0          0          0          0   _printf_lc.o
        10          0          0          0          0          0   _printf_ll.o
         6          0          0          0          0          0   _printf_lld.o
         6          0          0          0          0          0   _printf_lli.o
         6          0          0          0          0          0   _printf_llo.o
         6          0          0          0          0          0   _printf_llu.o
         6          0          0          0          0          0   _printf_llx.o
       124         16          0          0          0         92   _printf_longlong_dec.o
         6          0          0          0          0          0   _printf_ls.o
         6          0          0          0          0          0   _printf_n.o
         6          0          0          0          0          0   _printf_o.o
       112          8          0          0          0        124   _printf_oct_int_ll.o
         6          0          0          0          0          0   _printf_p.o
        78          0          0          0          0        108   _printf_pad.o
         0          0          0          0          0          0   _printf_percent.o
         4          0          0          0          0          0   _printf_percent_end.o
         6          0          0          0          0          0   _printf_s.o
        82          0          0          0          0         80   _printf_str.o
        36          0          0          0          0         84   _printf_truncate.o
         6          0          0          0          0          0   _printf_u.o
        44          0          0          0          0        108   _printf_wchar.o
       188          6          8          0          0         92   _printf_wctomb.o
         6          0          0          0          0          0   _printf_x.o
        22          0          0          0          0        100   _rserrno.o
        10          0          0          0          0         68   _sputc.o
        64          0          0          0          0         92   _wcrtomb.o
       220          4        148          0          0         96   bigflt0.o
      1910        128          0          0          0        672   btod.o
        36          4          0          0          0         76   c89vsprintf.o
        12          0          0          0          0         72   exit.o
         8          0          0          0          0         68   ferror.o
         6          0          0          0          0        152   heapauxi.o
        44         10        272          0          0         76   lc_ctype_c.o
        44         10         28          0          0         76   lc_numeric_c.o
         2          0          0          0          0          0   libinit.o
        34          0          0          0          0          0   libinit2.o
         2          0          0          0          0          0   libshutdown.o
         2          0          0          0          0          0   libshutdown2.o
         8          4          0          0         96         68   libspace.o
        72          0          0          0          0         76   llsdiv.o
       138          0          0          0          0         80   lludiv10.o
       238          0          0          0          0        100   lludivv7m.o
        16          4          0          0          0         76   rt_ctype_table.o
         8          4          0          0          0         68   rt_errno_addr_intlibspace.o
         8          4          0          0          0         68   rt_locale_intlibspace.o
       138          0          0          0          0         68   rt_memcpy_v6.o
       100          0          0          0          0         80   rt_memcpy_w.o
         2          0          0          0          0          0   rtexit.o
        10          0          0          0          0          0   rtexit2.o
        24          0          0          0          0         68   strcat.o
       128          0          0          0          0         68   strcmpv7m.o
        72          0          0          0          0         80   strcpy.o
        62          0          0          0          0         76   strlen.o
        36          0          0          0          0         80   strstr.o
        74          0          0          0          0         80   sys_stackheap_outer.o
         2          0          0          0          0         68   use_no_semi.o
         2          0          0          0          0         68   use_no_semi_2.o
       826         16          0          0          0        492   daddsub_clz.o
        24          0          0          0          0        116   dcmpi.o
        90          4          0          0          0        140   dfixu.o
        84          0          0          0          0        232   dflt_clz.o
       120          4          0          0          0        140   dleqf.o
       340         12          0          0          0        152   dmul.o
       156          4          0          0          0        140   dnaninf.o
        12          0          0          0          0        116   dretinf.o
       108          0          0          0          0        128   drleqf.o
       408         56          0          0          0        168   dsqrt_umaal.o
        86          4          0          0          0        132   f2d.o
       140          4          0          0          0        132   fnaninf.o
        10          0          0          0          0        116   fpinit.o
         4          0          0          0          0        116   printf1.o
         0          0          0          0          0          0   usenofp.o
        48          0          0          0          0        124   fpclassify.o
       122          0          0          0          0        148   sqrt.o

    ----------------------------------------------------------------------
      9420        374        516          0        100       7488   Library Totals
        18          0          3          0          4          0   (incl. Padding)

    ----------------------------------------------------------------------

      Code (inc. data)   RO Data    RW Data    ZI Data      Debug   Library Name

      6824        270        513          0         96       4896   c_w.l
      2408        104          0          0          0       2320   fz_wm.l
       170          0          0          0          0        272   m_wm.l

    ----------------------------------------------------------------------
      9420        374        516          0        100       7488   Library Totals

    ----------------------------------------------------------------------

==============================================================================


      Code (inc. data)   RO Data    RW Data    ZI Data      Debug   

     83380       4912       9092        984    1226864     566777   Grand Totals
     83380       4912       9092        296    1226864     566777   ELF Image Totals (compressed)
     83380       4912       9092        296          0          0   ROM Totals

==============================================================================

    Total RO  Size (Code + RO Data)                92472 (  90.30kB)
    Total RW  Size (RW Data + ZI Data)           1227848 (1199.07kB)
    Total ROM Size (Code + RO Data + RW Data)      92768 (  90.59kB)

==============================================================================

